Component: Arm Compiler for Embedded 6.18 Tool: armlink [5e4cc100]

==============================================================================

Section Cross References

    startup_stm32f103xb.o(RESET) refers to startup_stm32f103xb.o(STACK) for __initial_sp
    startup_stm32f103xb.o(RESET) refers to startup_stm32f103xb.o(.text) for Reset_Handler
    startup_stm32f103xb.o(RESET) refers to stm32f1xx_it.o(.text.NMI_Handler) for NMI_Handler
    startup_stm32f103xb.o(RESET) refers to stm32f1xx_it.o(.text.HardFault_Handler) for HardFault_Handler
    startup_stm32f103xb.o(RESET) refers to stm32f1xx_it.o(.text.MemManage_Handler) for MemManage_Handler
    startup_stm32f103xb.o(RESET) refers to stm32f1xx_it.o(.text.BusFault_Handler) for BusFault_Handler
    startup_stm32f103xb.o(RESET) refers to stm32f1xx_it.o(.text.UsageFault_Handler) for UsageFault_Handler
    startup_stm32f103xb.o(RESET) refers to stm32f1xx_it.o(.text.SVC_Handler) for SVC_Handler
    startup_stm32f103xb.o(RESET) refers to stm32f1xx_it.o(.text.DebugMon_Handler) for DebugMon_Handler
    startup_stm32f103xb.o(RESET) refers to stm32f1xx_it.o(.text.PendSV_Handler) for PendSV_Handler
    startup_stm32f103xb.o(RESET) refers to stm32f1xx_it.o(.text.SysTick_Handler) for SysTick_Handler
    startup_stm32f103xb.o(RESET) refers to stm32f1xx_it.o(.text.DMA1_Channel4_IRQHandler) for DMA1_Channel4_IRQHandler
    startup_stm32f103xb.o(RESET) refers to stm32f1xx_it.o(.text.DMA1_Channel5_IRQHandler) for DMA1_Channel5_IRQHandler
    startup_stm32f103xb.o(RESET) refers to stm32f1xx_it.o(.text.DMA1_Channel6_IRQHandler) for DMA1_Channel6_IRQHandler
    startup_stm32f103xb.o(RESET) refers to stm32f1xx_it.o(.text.DMA1_Channel7_IRQHandler) for DMA1_Channel7_IRQHandler
    startup_stm32f103xb.o(RESET) refers to stm32f1xx_it.o(.text.EXTI9_5_IRQHandler) for EXTI9_5_IRQHandler
    startup_stm32f103xb.o(RESET) refers to stm32f1xx_it.o(.text.TIM2_IRQHandler) for TIM2_IRQHandler
    startup_stm32f103xb.o(RESET) refers to stm32f1xx_it.o(.text.TIM3_IRQHandler) for TIM3_IRQHandler
    startup_stm32f103xb.o(RESET) refers to stm32f1xx_it.o(.text.I2C1_EV_IRQHandler) for I2C1_EV_IRQHandler
    startup_stm32f103xb.o(RESET) refers to stm32f1xx_it.o(.text.USART1_IRQHandler) for USART1_IRQHandler
    startup_stm32f103xb.o(RESET) refers to stm32f1xx_it.o(.text.EXTI15_10_IRQHandler) for EXTI15_10_IRQHandler
    startup_stm32f103xb.o(.text) refers to system_stm32f1xx.o(.text.SystemInit) for SystemInit
    startup_stm32f103xb.o(.text) refers to entry.o(.ARM.Collect$$$$00000000) for __main
    run_main.o(.text.SendUp) refers to run_main.o(.bss.aveSpeed) for aveSpeed
    run_main.o(.text.SendUp) refers to run_main.o(.bss.totDistance) for totDistance
    run_main.o(.text.SendUp) refers to stm32f1xx_hal.o(.text.HAL_GetTick) for HAL_GetTick
    run_main.o(.text.SendUp) refers to run_main.o(.rodata.str1.1) for .L.str
    run_main.o(.text.SendUp) refers to printfa.o(i.__0printf) for printf
    run_main.o(.ARM.exidx.text.SendUp) refers to run_main.o(.text.SendUp) for [Anonymous Symbol]
    run_main.o(.text.ObstacleMeasure) refers to stm32f1xx_hal_gpio.o(.text.HAL_GPIO_WritePin) for HAL_GPIO_WritePin
    run_main.o(.text.ObstacleMeasure) refers to run_main.o(.text.Delay_us) for Delay_us
    run_main.o(.ARM.exidx.text.ObstacleMeasure) refers to run_main.o(.text.ObstacleMeasure) for [Anonymous Symbol]
    run_main.o(.text.Delay_us) refers to run_main.o(.bss.fac_us) for fac_us
    run_main.o(.ARM.exidx.text.Delay_us) refers to run_main.o(.text.Delay_us) for [Anonymous Symbol]
    run_main.o(.text.run_main) refers to system_stm32f1xx.o(.data.SystemCoreClock) for SystemCoreClock
    run_main.o(.text.run_main) refers to run_main.o(.bss.fac_us) for fac_us
    run_main.o(.text.run_main) refers to usart.o(.bss.huart1) for huart1
    run_main.o(.text.run_main) refers to dma_printf.o(.text.dma_printf_init) for dma_printf_init
    run_main.o(.text.run_main) refers to dma_scanf.o(.text.dma_scanf_init) for dma_scanf_init
    run_main.o(.text.run_main) refers to oled.o(.text.OLED_Init) for OLED_Init
    run_main.o(.text.run_main) refers to oled.o(.text.OLED_ColorTurn) for OLED_ColorTurn
    run_main.o(.text.run_main) refers to oled.o(.text.OLED_DisplayTurn) for OLED_DisplayTurn
    run_main.o(.text.run_main) refers to mpu6050.o(.text.MPU_Init) for MPU_Init
    run_main.o(.text.run_main) refers to inv_mpu.o(.text.mpu_dmp_init) for mpu_dmp_init
    run_main.o(.text.run_main) refers to run_main.o(.rodata.str1.1) for .L.str.1
    run_main.o(.text.run_main) refers to oled.o(.text.OLED_ShowString) for OLED_ShowString
    run_main.o(.text.run_main) refers to oled.o(.text.OLED_Refresh) for OLED_Refresh
    run_main.o(.text.run_main) refers to motor.o(.text.MotorInit) for MotorInit
    run_main.o(.text.run_main) refers to dma_scanf.o(.bss.dsi) for dsi
    run_main.o(.text.run_main) refers to dma_ring.o(.text.dma_ring_available) for dma_ring_available
[...]
    HAL_GPIO_WritePin                        0x08001d21   Thumb Code    46  stm32f1xx_hal_gpio.o(.text.HAL_GPIO_WritePin)
    HAL_GetTick                              0x08001d51   Thumb Code    12  stm32f1xx_hal.o(.text.HAL_GetTick)
    HAL_I2C_AbortCpltCallback                0x08001d5d   Thumb Code     8  stm32f1xx_hal_i2c.o(.text.HAL_I2C_AbortCpltCallback)
    HAL_I2C_AddrCallback                     0x08001d65   Thumb Code    16  stm32f1xx_hal_i2c.o(.text.HAL_I2C_AddrCallback)
    HAL_I2C_EV_IRQHandler                    0x08001d75   Thumb Code   970  stm32f1xx_hal_i2c.o(.text.HAL_I2C_EV_IRQHandler)
    HAL_I2C_ErrorCallback                    0x08002141   Thumb Code     8  stm32f1xx_hal_i2c.o(.text.HAL_I2C_ErrorCallback)
    HAL_I2C_Init                             0x08002149   Thumb Code   676  stm32f1xx_hal_i2c.o(.text.HAL_I2C_Init)
    HAL_I2C_ListenCpltCallback               0x080023ed   Thumb Code     8  stm32f1xx_hal_i2c.o(.text.HAL_I2C_ListenCpltCallback)
    HAL_I2C_MasterRxCpltCallback             0x080023f5   Thumb Code     8  stm32f1xx_hal_i2c.o(.text.HAL_I2C_MasterRxCpltCallback)
    HAL_I2C_MasterTxCpltCallback             0x080023fd   Thumb Code     8  stm32f1xx_hal_i2c.o(.text.HAL_I2C_MasterTxCpltCallback)
    HAL_I2C_MemRxCpltCallback                0x08002405   Thumb Code     8  stm32f1xx_hal_i2c.o(.text.HAL_I2C_MemRxCpltCallback)
    HAL_I2C_MemTxCpltCallback                0x0800240d   Thumb Code     8  stm32f1xx_hal_i2c.o(.text.HAL_I2C_MemTxCpltCallback)
    HAL_I2C_Mem_Write                        0x08002415   Thumb Code   528  stm32f1xx_hal_i2c.o(.text.HAL_I2C_Mem_Write)
    HAL_I2C_Mem_Write_DMA                    0x08002625   Thumb Code   730  stm32f1xx_hal_i2c.o(.text.HAL_I2C_Mem_Write_DMA)
    HAL_I2C_MspInit                          0x08002901   Thumb Code   324  i2c.o(.text.HAL_I2C_MspInit)
    HAL_I2C_SlaveRxCpltCallback              0x08002a45   Thumb Code     8  stm32f1xx_hal_i2c.o(.text.HAL_I2C_SlaveRxCpltCallback)
    HAL_I2C_SlaveTxCpltCallback              0x08002a4d   Thumb Code     8  stm32f1xx_hal_i2c.o(.text.HAL_I2C_SlaveTxCpltCallback)
    HAL_IncTick                              0x08002a55   Thumb Code    26  stm32f1xx_it.o(.text.HAL_IncTick)
    HAL_Init                                 0x08002a71   Thumb Code    38  stm32f1xx_hal.o(.text.HAL_Init)
    HAL_InitTick                             0x08002a99   Thumb Code   112  stm32f1xx_hal.o(.text.HAL_InitTick)
    HAL_MspInit                              0x08002b09   Thumb Code   100  stm32f1xx_hal_msp.o(.text.HAL_MspInit)
    HAL_NVIC_EnableIRQ                       0x08002b6d   Thumb Code    20  stm32f1xx_hal_cortex.o(.text.HAL_NVIC_EnableIRQ)
    HAL_NVIC_SetPriority                     0x08002b81   Thumb Code    50  stm32f1xx_hal_cortex.o(.text.HAL_NVIC_SetPriority)
    HAL_NVIC_SetPriorityGrouping             0x08002bb5   Thumb Code    16  stm32f1xx_hal_cortex.o(.text.HAL_NVIC_SetPriorityGrouping)
    HAL_RCC_ClockConfig                      0x08002bc5   Thumb Code   598  stm32f1xx_hal_rcc.o(.text.HAL_RCC_ClockConfig)
    HAL_RCC_GetHCLKFreq                      0x08002e1d   Thumb Code    12  stm32f1xx_hal_rcc.o(.text.HAL_RCC_GetHCLKFreq)
    HAL_RCC_GetPCLK1Freq                     0x08002e29   Thumb Code    34  stm32f1xx_hal_rcc.o(.text.HAL_RCC_GetPCLK1Freq)
    HAL_RCC_GetPCLK2Freq                     0x08002e4d   Thumb Code    34  stm32f1xx_hal_rcc.o(.text.HAL_RCC_GetPCLK2Freq)
    HAL_RCC_GetSysClockFreq                  0x08002e71   Thumb Code   228  stm32f1xx_hal_rcc.o(.text.HAL_RCC_GetSysClockFreq)
    HAL_RCC_OscConfig                        0x08002f55   Thumb Code  1658  stm32f1xx_hal_rcc.o(.text.HAL_RCC_OscConfig)
    HAL_SYSTICK_Config                       0x080035d1   Thumb Code    16  stm32f1xx_hal_cortex.o(.text.HAL_SYSTICK_Config)
    HAL_TIMEx_BreakCallback                  0x080035e1   Thumb Code     8  stm32f1xx_hal_tim_ex.o(.text.HAL_TIMEx_BreakCallback)
    HAL_TIMEx_CommutCallback                 0x080035e9   Thumb Code     8  stm32f1xx_hal_tim_ex.o(.text.HAL_TIMEx_CommutCallback)
    HAL_TIMEx_ConfigBreakDeadTime            0x080035f1   Thumb Code   178  stm32f1xx_hal_tim_ex.o(.text.HAL_TIMEx_ConfigBreakDeadTime)
    HAL_TIMEx_MasterConfigSynchronization    0x080036a5   Thumb Code   220  stm32f1xx_hal_tim_ex.o(.text.HAL_TIMEx_MasterConfigSynchronization)
    HAL_TIM_Base_Init                        0x08003781   Thumb Code   156  stm32f1xx_hal_tim.o(.text.HAL_TIM_Base_Init)
    HAL_TIM_Base_MspInit                     0x0800381d   Thumb Code   110  tim.o(.text.HAL_TIM_Base_MspInit)
    HAL_TIM_Base_Start                       0x0800388d   Thumb Code   164  stm32f1xx_hal_tim.o(.text.HAL_TIM_Base_Start)
    HAL_TIM_Base_Start_IT                    0x08003931   Thumb Code   176  stm32f1xx_hal_tim.o(.text.HAL_TIM_Base_Start_IT)
    HAL_TIM_Base_Stop                        0x080039e1   Thumb Code    70  stm32f1xx_hal_tim.o(.text.HAL_TIM_Base_Stop)
    HAL_TIM_ConfigClockSource                0x08003a29   Thumb Code   374  stm32f1xx_hal_tim.o(.text.HAL_TIM_ConfigClockSource)
    HAL_TIM_Encoder_Init                     0x08003ba1   Thumb Code   296  stm32f1xx_hal_tim.o(.text.HAL_TIM_Encoder_Init)
    HAL_TIM_Encoder_MspInit                  0x08003cc9   Thumb Code   224  tim.o(.text.HAL_TIM_Encoder_MspInit)
    HAL_TIM_Encoder_Start_IT                 0x08003da9   Thumb Code   382  stm32f1xx_hal_tim.o(.text.HAL_TIM_Encoder_Start_IT)
    HAL_TIM_IC_CaptureCallback               0x08003f29   Thumb Code     8  stm32f1xx_hal_tim.o(.text.HAL_TIM_IC_CaptureCallback)
    HAL_TIM_IRQHandler                       0x08003f31   Thumb Code   634  stm32f1xx_hal_tim.o(.text.HAL_TIM_IRQHandler)
    HAL_TIM_MspPostInit                      0x080041ad   Thumb Code    96  tim.o(.text.HAL_TIM_MspPostInit)
    HAL_TIM_OC_DelayElapsedCallback          0x0800420d   Thumb Code     8  stm32f1xx_hal_tim.o(.text.HAL_TIM_OC_DelayElapsedCallback)
    HAL_TIM_PWM_ConfigChannel                0x08004215   Thumb Code   308  stm32f1xx_hal_tim.o(.text.HAL_TIM_PWM_ConfigChannel)
    HAL_TIM_PWM_Init                         0x08004349   Thumb Code   156  stm32f1xx_hal_tim.o(.text.HAL_TIM_PWM_Init)
    HAL_TIM_PWM_MspInit                      0x080043e5   Thumb Code     8  stm32f1xx_hal_tim.o(.text.HAL_TIM_PWM_MspInit)
    HAL_TIM_PWM_PulseFinishedCallback        0x080043ed   Thumb Code     8  stm32f1xx_hal_tim.o(.text.HAL_TIM_PWM_PulseFinishedCallback)
    HAL_TIM_PWM_Start_IT                     0x080043f5   Thumb Code   438  stm32f1xx_hal_tim.o(.text.HAL_TIM_PWM_Start_IT)
    HAL_TIM_PeriodElapsedCallback            0x080045ad   Thumb Code     8  stm32f1xx_it.o(.text.HAL_TIM_PeriodElapsedCallback)
    HAL_TIM_TriggerCallback                  0x080045b5   Thumb Code     8  stm32f1xx_hal_tim.o(.text.HAL_TIM_TriggerCallback)
    HAL_UARTEx_RxEventCallback               0x080045bd   Thumb Code    12  stm32f1xx_hal_uart.o(.text.HAL_UARTEx_RxEventCallback)
    HAL_UART_ErrorCallback                   0x080045c9   Thumb Code     8  stm32f1xx_hal_uart.o(.text.HAL_UART_ErrorCallback)
    HAL_UART_IRQHandler                      0x080045d1   Thumb Code   836  stm32f1xx_hal_uart.o(.text.HAL_UART_IRQHandler)
    HAL_UART_Init                            0x08004915   Thumb Code   154  stm32f1xx_hal_uart.o(.text.HAL_UART_Init)
    HAL_UART_MspInit                         0x080049b1   Thumb Code   458  usart.o(.text.HAL_UART_MspInit)
    HAL_UART_Receive_DMA                     0x08004b7d   Thumb Code   120  stm32f1xx_hal_uart.o(.text.HAL_UART_Receive_DMA)
    HAL_UART_RxCpltCallback                  0x08004bf5   Thumb Code     8  stm32f1xx_hal_uart.o(.text.HAL_UART_RxCpltCallback)
    HAL_UART_RxHalfCpltCallback              0x08004bfd   Thumb Code     8  stm32f1xx_hal_uart.o(.text.HAL_UART_RxHalfCpltCallback)
    HAL_UART_Transmit_DMA                    0x08004c05   Thumb Code   246  stm32f1xx_hal_uart.o(.text.HAL_UART_Transmit_DMA)
    HAL_UART_TxCpltCallback                  0x08004cfd   Thumb Code    16  stm32f1xx_it.o(.text.HAL_UART_TxCpltCallback)
    HAL_UART_TxHalfCpltCallback              0x08004d0d   Thumb Code     8  stm32f1xx_hal_uart.o(.text.HAL_UART_TxHalfCpltCallback)
    HardFault_Handler                        0x08004d15   Thumb Code     4  stm32f1xx_it.o(.text.HardFault_Handler)
    I2C1_EV_IRQHandler                       0x08004d19   Thumb Code    16  stm32f1xx_it.o(.text.I2C1_EV_IRQHandler)
    MPU_IIC_Ack                              0x08006749   Thumb Code    82  mpui2c.o(.text.MPU_IIC_Ack)
    MPU_IIC_Delay                            0x0800679d   Thumb Code    10  mpui2c.o(.text.MPU_IIC_Delay)
    MPU_IIC_NAck                             0x080067a9   Thumb Code    86  mpui2c.o(.text.MPU_IIC_NAck)
    MPU_IIC_Read_Byte                        0x08006801   Thumb Code   172  mpui2c.o(.text.MPU_IIC_Read_Byte)
    MPU_IIC_Send_Byte                        0x080068ad   Thumb Code   174  mpui2c.o(.text.MPU_IIC_Send_Byte)
    MPU_IIC_Start                            0x0800695d   Thumb Code    84  mpui2c.o(.text.MPU_IIC_Start)
    MPU_IIC_Stop                             0x080069b1   Thumb Code    80  mpui2c.o(.text.MPU_IIC_Stop)
    MPU_IIC_Wait_Ack                         0x08006a01   Thumb Code   150  mpui2c.o(.text.MPU_IIC_Wait_Ack)
    MPU_Init                                 0x08006a99   Thumb Code   150  mpu6050.o(.text.MPU_Init)
    MPU_Read_Byte                            0x08006b31   Thumb Code    70  mpu6050.o(.text.MPU_Read_Byte)
    MPU_Read_Len                             0x08006b79   Thumb Code   170  mpu6050.o(.text.MPU_Read_Len)
    MPU_Set_Accel_Fsr                        0x08006c25   Thumb Code    26  mpu6050.o(.text.MPU_Set_Accel_Fsr)
    MPU_Set_Gyro_Fsr                         0x08006c41   Thumb Code    26  mpu6050.o(.text.MPU_Set_Gyro_Fsr)
    MPU_Set_LPF                              0x08006c5d   Thumb Code   134  mpu6050.o(.text.MPU_Set_LPF)
    MPU_Set_Rate                             0x08006ce5   Thumb Code    94  mpu6050.o(.text.MPU_Set_Rate)
    MPU_Write_Byte                           0x08006d45   Thumb Code   102  mpu6050.o(.text.MPU_Write_Byte)
    MPU_Write_Len                            0x08006dad   Thumb Code   154  mpu6050.o(.text.MPU_Write_Len)
    MX_DMA_Init                              0x08006e49   Thumb Code    76  dma.o(.text.MX_DMA_Init)
    MX_GPIO_Init                             0x08006e95   Thumb Code   360  gpio.o(.text.MX_GPIO_Init)
    MX_I2C1_Init                             0x08006ffd   Thumb Code    72  i2c.o(.text.MX_I2C1_Init)
    MX_TIM1_Init                             0x080070d1   Thumb Code   312  tim.o(.text.MX_TIM1_Init)
    MX_TIM2_Init                             0x08007209   Thumb Code   130  tim.o(.text.MX_TIM2_Init)
    MX_TIM3_Init                             0x0800728d   Thumb Code   130  tim.o(.text.MX_TIM3_Init)
    MX_TIM4_Init                             0x08007311   Thumb Code   132  tim.o(.text.MX_TIM4_Init)
    MX_USART1_UART_Init                      0x08007395   Thumb Code    64  usart.o(.text.MX_USART1_UART_Init)
    MX_USART2_UART_Init                      0x080073d5   Thumb Code    64  usart.o(.text.MX_USART2_UART_Init)
    MemManage_Handler                        0x08007415   Thumb Code     4  stm32f1xx_it.o(.text.MemManage_Handler)
    MotorChangeSpeed                         0x08007419   Thumb Code    30  motor.o(.text.MotorChangeSpeed)
    MotorInit                                0x08007439   Thumb Code   324  motor.o(.text.MotorInit)
    MotorTurnBackward                        0x0800757d   Thumb Code   120  motor.o(.text.MotorTurnBackward)
    MotorTurnForward                         0x080075f5   Thumb Code   102  motor.o(.text.MotorTurnForward)
    MotorTurnLeft                            0x0800765d   Thumb Code   106  motor.o(.text.MotorTurnLeft)
    MotorTurnRight                           0x080076c9   Thumb Code   102  motor.o(.text.MotorTurnRight)
    MotorTurnSLeft                           0x08007731   Thumb Code    20  motor.o(.text.MotorTurnSLeft)
    MotorTurnSRight                          0x08007745   Thumb Code    20  motor.o(.text.MotorTurnSRight)
    MotorTurnStill                           0x08007759   Thumb Code    36  motor.o(.text.MotorTurnStill)
    My_abs                                   0x0800777d   Thumb Code    56  oled.o(.text.My_abs)
    NMI_Handler                              0x080077b5   Thumb Code     4  stm32f1xx_it.o(.text.NMI_Handler)
    OLED_ColorTurn                           0x08007825   Thumb Code    50  oled.o(.text.OLED_ColorTurn)
    OLED_DisplayTurn                         0x08007859   Thumb Code    70  oled.o(.text.OLED_DisplayTurn)
    OLED_DrawPoint                           0x080078a1   Thumb Code   162  oled.o(.text.OLED_DrawPoint)
    OLED_Init                                0x08007945   Thumb Code   234  oled.o(.text.OLED_Init)
    OLED_Pow                                 0x08007a31   Thumb Code    48  oled.o(.text.OLED_Pow)
    OLED_Refresh                             0x08007a61   Thumb Code   130  oled.o(.text.OLED_Refresh)
    OLED_ShowChar                            0x08007ae5   Thumb Code   446  oled.o(.text.OLED_ShowChar)
    OLED_ShowFloat                           0x08007ca5   Thumb Code   864  oled.o(.text.OLED_ShowFloat)
    OLED_ShowNum                             0x08008005   Thumb Code   266  oled.o(.text.OLED_ShowNum)
    OLED_ShowString                          0x08008111   Thumb Code   148  oled.o(.text.OLED_ShowString)
    OLED_WR_Byte                             0x080081a5   Thumb Code    56  oled.o(.text.OLED_WR_Byte)
    OLED_Write_Command                       0x080081dd   Thumb Code    56  oled.o(.text.OLED_Write_Command)
    OLED_Write_Data                          0x08008215   Thumb Code    56  oled.o(.text.OLED_Write_Data)
    ObstacleMeasure                          0x0800824d   Thumb Code    46  run_main.o(.text.ObstacleMeasure)
    PendSV_Handler                           0x0800827d   Thumb Code     2  stm32f1xx_it.o(.text.PendSV_Handler)
    ProcessProtool                           0x08008281   Thumb Code  1048  protool.o(.text.ProcessProtool)
    SVC_Handler                              0x080086d5   Thumb Code     2  stm32f1xx_it.o(.text.SVC_Handler)
    SendUp                                   0x080086d9   Thumb Code    80  run_main.o(.text.SendUp)
    SpeedControl_Init                        0x08008729   Thumb Code    90  speed.o(.text.SpeedControl_Init)
    SpeedControl_update                      0x08008785   Thumb Code   224  speed.o(.text.SpeedControl_update)
    SysTick_Handler                          0x080088b9   Thumb Code     8  stm32f1xx_it.o(.text.SysTick_Handler)
    SystemClock_Config                       0x080088c1   Thumb Code   108  main.o(.text.SystemClock_Config)
    SystemInit                               0x0800892d   Thumb Code     2  system_stm32f1xx.o(.text.SystemInit)
    TIM2_IRQHandler                          0x08008931   Thumb Code    16  stm32f1xx_it.o(.text.TIM2_IRQHandler)
    TIM3_IRQHandler                          0x08008941   Thumb Code    16  stm32f1xx_it.o(.text.TIM3_IRQHandler)
    TIM_Base_SetConfig                       0x08008951   Thumb Code   240  stm32f1xx_hal_tim.o(.text.TIM_Base_SetConfig)
    TIM_CCxChannelCmd                        0x08008a41   Thumb Code    54  stm32f1xx_hal_tim.o(.text.TIM_CCxChannelCmd)
    TIM_ETR_SetConfig                        0x08008a79   Thumb Code    52  stm32f1xx_hal_tim.o(.text.TIM_ETR_SetConfig)
    TIM_OC2_SetConfig                        0x08008ba9   Thumb Code   216  stm32f1xx_hal_tim.o(.text.TIM_OC2_SetConfig)
    TurnControlUpdate                        0x08008e95   Thumb Code   188  angle.o(.text.TurnControlUpdate)
    TurnControl_Init                         0x08008f51   Thumb Code    46  angle.o(.text.TurnControl_Init)
    UART_Start_Receive_DMA                   0x080093c9   Thumb Code   192  stm32f1xx_hal_uart.o(.text.UART_Start_Receive_DMA)
    USART1_IRQHandler                        0x0800951d   Thumb Code   106  stm32f1xx_it.o(.text.USART1_IRQHandler)
    UsageFault_Handler                       0x08009589   Thumb Code     4  stm32f1xx_it.o(.text.UsageFault_Handler)
    dma_printf_init                          0x080097cd   Thumb Code    42  dma_printf.o(.text.dma_printf_init)
    dma_printf_putc                          0x080097f9   Thumb Code   104  dma_printf.o(.text.dma_printf_putc)
    dma_printf_send_it                       0x08009861   Thumb Code   138  dma_printf.o(.text.dma_printf_send_it)
    dma_ring_available                       0x080098ed   Thumb Code    64  dma_ring.o(.text.dma_ring_available)
    dma_ring_available_linear                0x0800992d   Thumb Code    58  dma_ring.o(.text.dma_ring_available_linear)
    dma_ring_forward_r_ptr                   0x08009969   Thumb Code    70  dma_ring.o(.text.dma_ring_forward_r_ptr)
    dma_ring_get_r_ptr                       0x080099b1   Thumb Code    14  dma_ring.o(.text.dma_ring_get_r_ptr)
    dma_ring_getc                            0x080099c1   Thumb Code    98  dma_ring.o(.text.dma_ring_getc)
    dma_ring_init                            0x08009a25   Thumb Code    38  dma_ring.o(.text.dma_ring_init)
    dma_ring_putc                            0x08009a4d   Thumb Code   112  dma_ring.o(.text.dma_ring_putc)
    dma_ring_set_w_ptr                       0x08009abd   Thumb Code    22  dma_ring.o(.text.dma_ring_set_w_ptr)
    dma_scanf_init                           0x08009ad5   Thumb Code    56  dma_scanf.o(.text.dma_scanf_init)
    dmp_enable_6x_lp_quat                    0x08009b0d   Thumb Code    70  inv_mpu_dmp_motion_driver.o(.text.dmp_enable_6x_lp_quat)
    dmp_enable_feature                       0x08009b55   Thumb Code   682  inv_mpu_dmp_motion_driver.o(.text.dmp_enable_feature)
    dmp_enable_gyro_cal                      0x08009e01   Thumb Code   106  inv_mpu_dmp_motion_driver.o(.text.dmp_enable_gyro_cal)
    dmp_enable_lp_quat                       0x08009e6d   Thumb Code    70  inv_mpu_dmp_motion_driver.o(.text.dmp_enable_lp_quat)
    dmp_load_motion_driver_firmware          0x08009eb5   Thumb Code    26  inv_mpu_dmp_motion_driver.o(.text.dmp_load_motion_driver_firmware)
    dmp_read_fifo                            0x08009ed1   Thumb Code   466  inv_mpu_dmp_motion_driver.o(.text.dmp_read_fifo)
    dmp_set_accel_bias                       0x0800a0a5   Thumb Code   342  inv_mpu_dmp_motion_driver.o(.text.dmp_set_accel_bias)
    dmp_set_fifo_rate                        0x0800a1fd   Thumb Code   164  inv_mpu_dmp_motion_driver.o(.text.dmp_set_fifo_rate)
    dmp_set_gyro_bias                        0x0800a2a1   Thumb Code   336  inv_mpu_dmp_motion_driver.o(.text.dmp_set_gyro_bias)
    dmp_set_orientation                      0x0800a3f1   Thumb Code   432  inv_mpu_dmp_motion_driver.o(.text.dmp_set_orientation)
    dmp_set_shake_reject_thresh              0x0800a5a1   Thumb Code    86  inv_mpu_dmp_motion_driver.o(.text.dmp_set_shake_reject_thresh)
    dmp_set_shake_reject_time                0x0800a5f9   Thumb Code    62  inv_mpu_dmp_motion_driver.o(.text.dmp_set_shake_reject_time)
    dmp_set_shake_reject_timeout             0x0800a639   Thumb Code    62  inv_mpu_dmp_motion_driver.o(.text.dmp_set_shake_reject_timeout)
    dmp_set_tap_axes                         0x0800a679   Thumb Code   108  inv_mpu_dmp_motion_driver.o(.text.dmp_set_tap_axes)
    dmp_set_tap_count                        0x0800a6e5   Thumb Code    74  inv_mpu_dmp_motion_driver.o(.text.dmp_set_tap_count)
    dmp_set_tap_thresh                       0x0800a731   Thumb Code   508  inv_mpu_dmp_motion_driver.o(.text.dmp_set_tap_thresh)
    dmp_set_tap_time                         0x0800a92d   Thumb Code    64  inv_mpu_dmp_motion_driver.o(.text.dmp_set_tap_time)
    dmp_set_tap_time_multi                   0x0800a96d   Thumb Code    64  inv_mpu_dmp_motion_driver.o(.text.dmp_set_tap_time_multi)
    fputc                                    0x0800a9ad   Thumb Code    22  run_main.o(.text.fputc)
    inv_orientation_matrix_to_scalar         0x0800b191   Thumb Code    68  inv_mpu.o(.text.inv_orientation_matrix_to_scalar)
    inv_row_2_scale                          0x0800b1d5   Thumb Code   156  inv_mpu.o(.text.inv_row_2_scale)
    main                                     0x0800b271   Thumb Code    64  main.o(.text.main)
    mget_ms                                  0x0800b2b1   Thumb Code     8  inv_mpu.o(.text.mget_ms)
    mpu_configure_fifo                       0x0800b2b9   Thumb Code   210  inv_mpu.o(.text.mpu_configure_fifo)
    mpu_dmp_get_data                         0x0800b38d   Thumb Code   558  inv_mpu.o(.text.mpu_dmp_get_data)
    mpu_dmp_init                             0x0800b5bd   Thumb Code   288  inv_mpu.o(.text.mpu_dmp_init)
    mpu_get_accel_fsr                        0x0800b6dd   Thumb Code   108  inv_mpu.o(.text.mpu_get_accel_fsr)
    mpu_get_accel_sens                       0x0800b749   Thumb Code   116  inv_mpu.o(.text.mpu_get_accel_sens)
    mpu_get_fifo_config                      0x0800b7bd   Thumb Code    24  inv_mpu.o(.text.mpu_get_fifo_config)
    mpu_get_gyro_fsr                         0x0800b7d5   Thumb Code    84  inv_mpu.o(.text.mpu_get_gyro_fsr)
    mpu_get_gyro_sens                        0x0800b829   Thumb Code   104  inv_mpu.o(.text.mpu_get_gyro_sens)
    mpu_get_lpf                              0x0800b891   Thumb Code   100  inv_mpu.o(.text.mpu_get_lpf)
    mpu_get_sample_rate                      0x0800b8f5   Thumb Code    56  inv_mpu.o(.text.mpu_get_sample_rate)
    mpu_init                                 0x0800b92d   Thumb Code   590  inv_mpu.o(.text.mpu_init)
    mpu_load_firmware                        0x0800bb7d   Thumb Code   308  inv_mpu.o(.text.mpu_load_firmware)
    mpu_lp_accel_mode                        0x0800bcb1   Thumb Code   298  inv_mpu.o(.text.mpu_lp_accel_mode)
    mpu_read_fifo_stream                     0x0800bddd   Thumb Code   296  inv_mpu.o(.text.mpu_read_fifo_stream)
    mpu_read_mem                             0x0800bf05   Thumb Code   190  inv_mpu.o(.text.mpu_read_mem)
    mpu_reset_fifo                           0x0800bfc5   Thumb Code   656  inv_mpu.o(.text.mpu_reset_fifo)
    mpu_run_self_test                        0x0800c255   Thumb Code   378  inv_mpu.o(.text.mpu_run_self_test)
    mpu_set_accel_fsr                        0x0800c3d1   Thumb Code   200  inv_mpu.o(.text.mpu_set_accel_fsr)
    mpu_set_bypass                           0x0800c499   Thumb Code   498  inv_mpu.o(.text.mpu_set_bypass)
    mpu_set_dmp_state                        0x0800c68d   Thumb Code   208  inv_mpu.o(.text.mpu_set_dmp_state)
    mpu_set_gyro_fsr                         0x0800c75d   Thumb Code   208  inv_mpu.o(.text.mpu_set_gyro_fsr)
    mpu_set_int_latched                      0x0800c82d   Thumb Code   184  inv_mpu.o(.text.mpu_set_int_latched)
    mpu_set_lpf                              0x0800c8e5   Thumb Code   226  inv_mpu.o(.text.mpu_set_lpf)
    mpu_set_sample_rate                      0x0800c9c9   Thumb Code   250  inv_mpu.o(.text.mpu_set_sample_rate)
    mpu_set_sensors                          0x0800cac5   Thumb Code   346  inv_mpu.o(.text.mpu_set_sensors)
    mpu_write_mem                            0x0800cc21   Thumb Code   190  inv_mpu.o(.text.mpu_write_mem)
    run_main                                 0x0800cce1   Thumb Code  1498  run_main.o(.text.run_main)
    run_self_test                            0x0800d2bd   Thumb Code   156  inv_mpu.o(.text.run_self_test)
    __0printf                                0x0800d44d   Thumb Code    22  printfa.o(i.__0printf)
    __1printf                                0x0800d44d   Thumb Code     0  printfa.o(i.__0printf)
    __2printf                                0x0800d44d   Thumb Code     0  printfa.o(i.__0printf)
    __c89printf                              0x0800d44d   Thumb Code     0  printfa.o(i.__0printf)
    printf                                   0x0800d44d   Thumb Code     0  printfa.o(i.__0printf)
    __ARM_fpclassify                         0x0800d46d   Thumb Code    40  fpclassify.o(i.__ARM_fpclassify)
    __kernel_poly                            0x0800d495   Thumb Code   170  poly.o(i.__kernel_poly)
    __mathlib_dbl_infnan                     0x0800d53f   Thumb Code     6  dunder.o(i.__mathlib_dbl_infnan)
    __mathlib_dbl_infnan2                    0x0800d545   Thumb Code     4  dunder.o(i.__mathlib_dbl_infnan2)
    __mathlib_dbl_invalid                    0x0800d549   Thumb Code    12  dunder.o(i.__mathlib_dbl_invalid)
    __mathlib_dbl_underflow                  0x0800d555   Thumb Code    10  dunder.o(i.__mathlib_dbl_underflow)
    __scatterload_copy                       0x0800d565   Thumb Code    14  handlers.o(i.__scatterload_copy)
    __scatterload_null                       0x0800d573   Thumb Code     2  handlers.o(i.__scatterload_null)
    __scatterload_zeroinit                   0x0800d575   Thumb Code    14  handlers.o(i.__scatterload_zeroinit)
    __set_errno                              0x0800d585   Thumb Code     6  errno.o(i.__set_errno)
    asin                                     0x0800de45   Thumb Code   572  asin.o(i.asin)
    atan                                     0x0800e0b5   Thumb Code   474  atan.o(i.atan)
    atan2                                    0x0800e2d5   Thumb Code   374  atan2.o(i.atan2)
    sqrt                                     0x0800e471   Thumb Code    76  sqrt.o(i.sqrt)
    __mathlib_zero                           0x0800e5a8   Data           8  qnan.o(.constdata)
    AHBPrescTable                            0x0800e5b0   Data          16  system_stm32f1xx.o(.rodata.AHBPrescTable)
    APBPrescTable                            0x0800e5c0   Data           8  system_stm32f1xx.o(.rodata.APBPrescTable)
    asc2_0806                                0x0800e5c8   Data         552  oled.o(.rodata.asc2_0806)
    asc2_1206                                0x0800e7f0   Data        1140  oled.o(.rodata.asc2_1206)
    asc2_1608                                0x0800ec64   Data        1520  oled.o(.rodata.asc2_1608)
    hw                                       0x0800fe4a   Data          12  inv_mpu.o(.rodata.hw)
    reg                                      0x0800fe56   Data          27  inv_mpu.o(.rodata.reg)
    test                                     0x0800ff34   Data          40  inv_mpu.o(.rodata.test)
    Region$$Table$$Base                      0x0800ff5c   Number         0  anon$$obj.o(Region$$Table)
    Region$$Table$$Limit                     0x0800ff7c   Number         0  anon$$obj.o(Region$$Table)
    __stdout                                 0x20000000   Data           4  stdout.o(.data)
    ObstacleDistance                         0x20000008   Data           8  run_main.o(.data.ObstacleDistance)
    SystemCoreClock                          0x20000010   Data           4  system_stm32f1xx.o(.data.SystemCoreClock)
    uwTickFreq                               0x2000004c   Data           1  stm32f1xx_hal.o(.data.uwTickFreq)
    uwTickPrio                               0x20000050   Data           4  stm32f1xx_hal.o(.data.uwTickPrio)
    AngleMode                                0x20000058   Data           4  motor.o(.bss.AngleMode)
    MotorMode                                0x2000006c   Data           4  motor.o(.bss.MotorMode)
    OLED_GRAM                                0x20000070   Data        1024  oled.o(.bss.OLED_GRAM)
    ObstacleMeasureing                       0x20000470   Data           1  run_main.o(.bss.ObstacleMeasureing)
    PID_TurnValue                            0x20000478   Data           8  motor.o(.bss.PID_TurnValue)
    PID_angle                                0x20000480   Data          40  angle.o(.bss.PID_angle)
    PID_speed                                0x200004a8   Data          56  speed.o(.bss.PID_speed)
    PID_turn                                 0x200004e0   Data          32  angle.o(.bss.PID_turn)
    SpeedMode                                0x20000500   Data           4  motor.o(.bss.SpeedMode)
    TmpTargetVal                             0x20000508   Data           8  motor.o(.bss.TmpTargetVal)
    accel                                    0x20000514   Data           6  inv_mpu.o(.bss.accel)
    aveSpeed                                 0x20000520   Data           8  run_main.o(.bss.aveSpeed)
    dmi                                      0x20000528   Data        1044  dma_printf.o(.bss.dmi)
    dsi                                      0x2000094c   Data        1036  dma_scanf.o(.bss.dsi)
    fac_us                                   0x20000d58   Data           1  run_main.o(.bss.fac_us)
    gyro                                     0x20000d5a   Data           6  inv_mpu.o(.bss.gyro)
    hdma_i2c1_rx                             0x20000d60   Data          68  i2c.o(.bss.hdma_i2c1_rx)
    hdma_i2c1_tx                             0x20000da4   Data          68  i2c.o(.bss.hdma_i2c1_tx)
    hdma_usart1_rx                           0x20000de8   Data          68  usart.o(.bss.hdma_usart1_rx)
    hdma_usart1_tx                           0x20000e2c   Data          68  usart.o(.bss.hdma_usart1_tx)
    hi2c1                                    0x20000e70   Data          84  i2c.o(.bss.hi2c1)
    htim1                                    0x20000ec4   Data          72  tim.o(.bss.htim1)
    htim2                                    0x20000f0c   Data          72  tim.o(.bss.htim2)
    htim3                                    0x20000f54   Data          72  tim.o(.bss.htim3)
    htim4                                    0x20000f9c   Data          72  tim.o(.bss.htim4)
    huart1                                   0x20000fe4   Data          68  usart.o(.bss.huart1)
    huart2                                   0x20001028   Data          68  usart.o(.bss.huart2)
    moving                                   0x2000106c   Data           2  protool.o(.bss.moving)
    pitch                                    0x20001070   Data           4  run_main.o(.bss.pitch)
    protool                                  0x20001074   Data         124  protool.o(.bss.protool)
    protool_length                           0x200010f0   Data           4  protool.o(.bss.protool_length)
    roll                                     0x200010f4   Data           4  run_main.o(.bss.roll)
    sensors                                  0x200010f8   Data           2  inv_mpu.o(.bss.sensors)
    sp                                       0x20001100   Data          16  speed.o(.bss.sp)
    target                                   0x20001110   Data          32  protool.o(.bss.target)
    totDistance                              0x20001130   Data           8  run_main.o(.bss.totDistance)
    turnning                                 0x20001138   Data           2  protool.o(.bss.turnning)
    uwTick                                   0x2000113c   Data           4  stm32f1xx_hal.o(.bss.uwTick)
    vl                                       0x20001140   Data           4  speed.o(.bss.vl)
    vr                                       0x20001144   Data           4  speed.o(.bss.vr)
    yaw                                      0x20001148   Data           4  run_main.o(.bss.yaw)
    __initial_sp                             0x20001550   Data           0  startup_stm32f103xb.o(STACK)



==============================================================================

Memory Map of the image

  Image Entry point : 0x080000ed

  Load Region LR_IROM1 (Base: 0x08000000, Size: 0x0000ffd8, Max: 0x00010000, ABSOLUTE)

    Execution Region ER_IROM1 (Exec base: 0x08000000, Load base: 0x08000000, Size: 0x0000ff7c, Max: 0x00010000, ABSOLUTE)

    Exec Addr    Load Addr    Size         Type   Attr      Idx    E Section Name        Object

    0x08000000   0x08000000   0x000000ec   Data   RO            3    RESET               startup_stm32f103xb.o
    0x080000ec   0x080000ec   0x00000000   Code   RO         1450  * .ARM.Collect$$$$00000000  mc_w.l(entry.o)
    0x080000ec   0x080000ec   0x00000004   Code   RO         1508    .ARM.Collect$$$$00000001  mc_w.l(entry2.o)
    0x080000f0   0x080000f0   0x00000004   Code   RO         1511    .ARM.Collect$$$$00000004  mc_w.l(entry5.o)
    0x080000f4   0x080000f4   0x00000000   Code   RO         1513    .ARM.Collect$$$$00000008  mc_w.l(entry7b.o)
    0x080000f4   0x080000f4   0x00000000   Code   RO         1515    .ARM.Collect$$$$0000000A  mc_w.l(entry8b.o)
    0x080000f4   0x080000f4   0x00000008   Code   RO         1516    .ARM.Collect$$$$0000000B  mc_w.l(entry9a.o)
    0x080000fc   0x080000fc   0x00000000   Code   RO         1518    .ARM.Collect$$$$0000000D  mc_w.l(entry10a.o)
    0x080000fc   0x080000fc   0x00000000   Code   RO         1520    .ARM.Collect$$$$0000000F  mc_w.l(entry11a.o)
    0x080000fc   0x080000fc   0x00000004   Code   RO         1509    .ARM.Collect$$$$00002712  mc_w.l(entry2.o)
    0x08000100   0x08000100   0x00000024   Code   RO            4    .text               startup_stm32f103xb.o
    0x08000124   0x08000124   0x00000062   Code   RO         1453    .text               mc_w.l(ldiv.o)
    0x08000186   0x08000186   0x00000008   Code   RO         1454    .text               mc_w.l(slabs.o)
    0x0800018e   0x0800018e   0x00000024   Code   RO         1456    .text               mc_w.l(memseta.o)
    0x080001b2   0x080001b2   0x0000001a   Code   RO         1457    .text               mc_w.l(memcmp.o)
    0x080001cc   0x080001cc   0x000000b0   Code   RO         1472    .text               mf_w.l(fadd.o)
    0x0800027c   0x0800027c   0x00000064   Code   RO         1473    .text               mf_w.l(fmul.o)
    0x080002e0   0x080002e0   0x0000007c   Code   RO         1474    .text               mf_w.l(fdiv.o)
    0x0800035c   0x0800035c   0x0000014e   Code   RO         1475    .text               mf_w.l(dadd.o)
    0x080004aa   0x080004aa   0x000000e4   Code   RO         1476    .text               mf_w.l(dmul.o)
    0x0800058e   0x0800058e   0x000000de   Code   RO         1477    .text               mf_w.l(ddiv.o)
    0x0800066c   0x0800066c   0x0000001c   Code   RO         1478    .text               mf_w.l(fcmple.o)
    0x08000688   0x08000688   0x0000001c   Code   RO         1479    .text               mf_w.l(fcmplt.o)
    0x080006a4   0x080006a4   0x0000001c   Code   RO         1480    .text               mf_w.l(fcmpge.o)
    0x080006c0   0x080006c0   0x0000001c   Code   RO         1481    .text               mf_w.l(fcmpgt.o)
    0x080006dc   0x080006dc   0x0000001c   Code   RO         1482    .text               mf_w.l(fcmpeq.o)
    0x080006f8   0x080006f8   0x00000036   Code   RO         1483    .text               mf_w.l(dcmple.o)
    0x0800072e   0x0800072e   0x00000036   Code   RO         1484    .text               mf_w.l(dcmplt.o)
    0x08000764   0x08000764   0x00000036   Code   RO         1485    .text               mf_w.l(dcmpge.o)
    0x0800079a   0x0800079a   0x00000012   Code   RO         1486    .text               mf_w.l(fflti.o)
    0x080007ac   0x080007ac   0x0000000a   Code   RO         1487    .text               mf_w.l(ffltui.o)
    0x080007b6   0x080007b6   0x00000022   Code   RO         1488    .text               mf_w.l(dflti.o)
    0x080007d8   0x080007d8   0x00000032   Code   RO         1489    .text               mf_w.l(ffixi.o)
    0x0800080a   0x0800080a   0x0000003e   Code   RO         1490    .text               mf_w.l(dfixi.o)
    0x08000848   0x08000848   0x00000026   Code   RO         1491    .text               mf_w.l(f2d.o)
    0x0800086e   0x0800086e   0x00000038   Code   RO         1492    .text               mf_w.l(d2f.o)
    0x080008a6   0x080008a6   0x0000002c   Code   RO         1528    .text               mc_w.l(uidiv.o)
    0x080008d2   0x080008d2   0x00000062   Code   RO         1529    .text               mc_w.l(uldiv.o)
    0x08000934   0x08000934   0x0000001e   Code   RO         1530    .text               mc_w.l(llshl.o)
    0x08000952   0x08000952   0x00000020   Code   RO         1531    .text               mc_w.l(llushr.o)
    0x08000972   0x08000972   0x00000024   Code   RO         1532    .text               mc_w.l(llsshr.o)
    0x08000996   0x08000996   0x00000000   Code   RO         1537    .text               mc_w.l(iusefp.o)
    0x08000996   0x08000996   0x0000006e   Code   RO         1538    .text               mf_w.l(fepilogue.o)
    0x08000a04   0x08000a04   0x000000ba   Code   RO         1539    .text               mf_w.l(depilogue.o)
    0x08000abe   0x08000abe   0x0000002e   Code   RO         1540    .text               mf_w.l(dscalb.o)
    0x08000aec   0x08000aec   0x00000030   Code   RO         1541    .text               mf_w.l(dfixul.o)
    0x08000b1c   0x08000b1c   0x00000030   Code   RO         1542    .text               mf_w.l(cdcmple.o)
    0x08000b4c   0x08000b4c   0x00000030   Code   RO         1543    .text               mf_w.l(cdrcmple.o)
    0x08000b7c   0x08000b7c   0x00000024   Code   RO         1544    .text               mc_w.l(init.o)
    0x08000ba0   0x08000ba0   0x000000a2   Code   RO         1545    .text               mf_w.l(dsqrt.o)
    0x08000c42   0x08000c42   0x00000002   PAD
    0x08000c44   0x08000c44   0x0000002e   Code   RO         1350    .text.AngleControl_Init  angle.o
    0x08000c72   0x08000c72   0x00000002   PAD
    0x08000c74   0x08000c74   0x0000006e   Code   RO         1352    .text.AngleControl_update  angle.o
    0x08000ce2   0x08000ce2   0x00000002   PAD
    0x08000ce4   0x08000ce4   0x00000004   Code   RO          362    .text.BusFault_Handler  stm32f1xx_it.o
    0x08000ce8   0x08000ce8   0x00000010   Code   RO          376    .text.DMA1_Channel4_IRQHandler  stm32f1xx_it.o
    0x08000cf8   0x08000cf8   0x00000010   Code   RO          378    .text.DMA1_Channel5_IRQHandler  stm32f1xx_it.o
    0x08000d08   0x08000d08   0x00000010   Code   RO          380    .text.DMA1_Channel6_IRQHandler  stm32f1xx_it.o
    0x08000d18   0x08000d18   0x00000010   Code   RO          382    .text.DMA1_Channel7_IRQHandler  stm32f1xx_it.o
    0x08000d28   0x08000d28   0x00000050   Code   RO          696    .text.DMA_SetConfig  stm32f1xx_hal_dma.o
    0x08000d78   0x08000d78   0x00000002   Code   RO          368    .text.DebugMon_Handler  stm32f1xx_it.o
    0x08000d7a   0x08000d7a   0x00000002   PAD
    0x08000d7c   0x08000d7c   0x0000008e   Code   RO           10    .text.Delay_us      run_main.o
    0x08000e0a   0x08000e0a   0x00000002   PAD
    0x08000e0c   0x08000e0c   0x00000484   Code   RO          394    .text.EXTI15_10_IRQHandler  stm32f1xx_it.o
    0x08001290   0x08001290   0x0000009a   Code   RO          384    .text.EXTI9_5_IRQHandler  stm32f1xx_it.o
    0x0800132a   0x0800132a   0x00000002   PAD
    0x0800132c   0x0800132c   0x0000000e   Code   RO          300    .text.Error_Handler  main.o
    0x0800133a   0x0800133a   0x00000002   PAD
    0x0800133c   0x0800133c   0x00000060   Code   RO         1404    .text.FindNthComma  protool.o
    0x0800139c   0x0800139c   0x0000007c   Code   RO          700    .text.HAL_DMA_Abort  stm32f1xx_hal_dma.o
    0x08001418   0x08001418   0x0000011c   Code   RO          702    .text.HAL_DMA_Abort_IT  stm32f1xx_hal_dma.o
    0x08001534   0x08001534   0x0000000e   Code   RO          712    .text.HAL_DMA_GetState  stm32f1xx_hal_dma.o
    0x08001542   0x08001542   0x00000002   PAD
    0x08001544   0x08001544   0x00000286   Code   RO          706    .text.HAL_DMA_IRQHandler  stm32f1xx_hal_dma.o
    0x080017ca   0x080017ca   0x00000002   PAD
    0x080017cc   0x080017cc   0x000000ae   Code   RO          690    .text.HAL_DMA_Init  stm32f1xx_hal_dma.o
    0x0800187a   0x0800187a   0x00000002   PAD
    0x0800187c   0x0800187c   0x000000ca   Code   RO          698    .text.HAL_DMA_Start_IT  stm32f1xx_hal_dma.o
    0x08001946   0x08001946   0x00000002   PAD
    0x08001948   0x08001948   0x00000042   Code   RO          597    .text.HAL_Delay     stm32f1xx_hal.o
    0x0800198a   0x0800198a   0x00000002   PAD
    0x0800198c   0x0800198c   0x0000000a   Code   RO          687    .text.HAL_GPIO_EXTI_Callback  stm32f1xx_hal_gpio.o
    0x08001996   0x08001996   0x00000002   PAD
    0x08001998   0x08001998   0x00000038   Code   RO          685    .text.HAL_GPIO_EXTI_IRQHandler  stm32f1xx_hal_gpio.o
    0x080019d0   0x080019d0   0x0000031e   Code   RO          673    .text.HAL_GPIO_Init  stm32f1xx_hal_gpio.o
    0x08001cee   0x08001cee   0x00000002   PAD
    0x08001cf0   0x08001cf0   0x0000002e   Code   RO          677    .text.HAL_GPIO_ReadPin  stm32f1xx_hal_gpio.o
    0x08001d1e   0x08001d1e   0x00000002   PAD
    0x08001d20   0x08001d20   0x0000002e   Code   RO          679    .text.HAL_GPIO_WritePin  stm32f1xx_hal_gpio.o
    0x08001d4e   0x08001d4e   0x00000002   PAD
    0x08001d50   0x08001d50   0x0000000c   Code   RO          589    .text.HAL_GetTick   stm32f1xx_hal.o
    0x08001d5c   0x08001d5c   0x00000008   Code   RO          562    .text.HAL_I2C_AbortCpltCallback  stm32f1xx_hal_i2c.o
    0x08001d64   0x08001d64   0x00000010   Code   RO          552    .text.HAL_I2C_AddrCallback  stm32f1xx_hal_i2c.o
    0x08001d74   0x08001d74   0x000003ca   Code   RO          508    .text.HAL_I2C_EV_IRQHandler  stm32f1xx_hal_i2c.o
    0x0800213e   0x0800213e   0x00000002   PAD
    0x08002140   0x08002140   0x00000008   Code   RO          560    .text.HAL_I2C_ErrorCallback  stm32f1xx_hal_i2c.o
    0x08002148   0x08002148   0x000002a4   Code   RO          414    .text.HAL_I2C_Init  stm32f1xx_hal_i2c.o
    0x080023ec   0x080023ec   0x00000008   Code   RO          554    .text.HAL_I2C_ListenCpltCallback  stm32f1xx_hal_i2c.o
    0x080023f4   0x080023f4   0x00000008   Code   RO          546    .text.HAL_I2C_MasterRxCpltCallback  stm32f1xx_hal_i2c.o
    0x080023fc   0x080023fc   0x00000008   Code   RO          544    .text.HAL_I2C_MasterTxCpltCallback  stm32f1xx_hal_i2c.o
    0x08002404   0x08002404   0x00000008   Code   RO          558    .text.HAL_I2C_MemRxCpltCallback  stm32f1xx_hal_i2c.o
    0x0800240c   0x0800240c   0x00000008   Code   RO          556    .text.HAL_I2C_MemTxCpltCallback  stm32f1xx_hal_i2c.o
    0x08002414   0x08002414   0x00000210   Code   RO          464    .text.HAL_I2C_Mem_Write  stm32f1xx_hal_i2c.o
    0x08002624   0x08002624   0x000002da   Code   RO          476    .text.HAL_I2C_Mem_Write_DMA  stm32f1xx_hal_i2c.o
    0x080028fe   0x080028fe   0x00000002   PAD
    0x08002900   0x08002900   0x00000144   Code   RO          312    .text.HAL_I2C_MspInit  i2c.o
    0x08002a44   0x08002a44   0x00000008   Code   RO          550    .text.HAL_I2C_SlaveRxCpltCallback  stm32f1xx_hal_i2c.o
    0x08002a4c   0x08002a4c   0x00000008   Code   RO          548    .text.HAL_I2C_SlaveTxCpltCallback  stm32f1xx_hal_i2c.o
    0x08002a54   0x08002a54   0x0000001a   Code   RO          374    .text.HAL_IncTick   stm32f1xx_it.o
    0x08002a6e   0x08002a6e   0x00000002   PAD
    0x08002a70   0x08002a70   0x00000026   Code   RO          577    .text.HAL_Init      stm32f1xx_hal.o
    0x08002a96   0x08002a96   0x00000002   PAD
    0x08002a98   0x08002a98   0x00000070   Code   RO          579    .text.HAL_InitTick  stm32f1xx_hal.o
    0x08002b08   0x08002b08   0x00000064   Code   RO          404    .text.HAL_MspInit   stm32f1xx_hal_msp.o
    0x08002b6c   0x08002b6c   0x00000014   Code   RO          729    .text.HAL_NVIC_EnableIRQ  stm32f1xx_hal_cortex.o
    0x08002b80   0x08002b80   0x00000032   Code   RO          721    .text.HAL_NVIC_SetPriority  stm32f1xx_hal_cortex.o
    0x08002bb2   0x08002bb2   0x00000002   PAD
    0x08002bb4   0x08002bb4   0x00000010   Code   RO          717    .text.HAL_NVIC_SetPriorityGrouping  stm32f1xx_hal_cortex.o
    0x08002bc4   0x08002bc4   0x00000256   Code   RO          637    .text.HAL_RCC_ClockConfig  stm32f1xx_hal_rcc.o
    0x08002e1a   0x08002e1a   0x00000002   PAD
    0x08002e1c   0x08002e1c   0x0000000c   Code   RO          647    .text.HAL_RCC_GetHCLKFreq  stm32f1xx_hal_rcc.o
    0x08002e28   0x08002e28   0x00000022   Code   RO          649    .text.HAL_RCC_GetPCLK1Freq  stm32f1xx_hal_rcc.o
    0x08002e4a   0x08002e4a   0x00000002   PAD
    0x08002e4c   0x08002e4c   0x00000022   Code   RO          651    .text.HAL_RCC_GetPCLK2Freq  stm32f1xx_hal_rcc.o
    0x08002e6e   0x08002e6e   0x00000002   PAD
    0x08002e70   0x08002e70   0x000000e4   Code   RO          639    .text.HAL_RCC_GetSysClockFreq  stm32f1xx_hal_rcc.o
    0x08002f54   0x08002f54   0x0000067a   Code   RO          633    .text.HAL_RCC_OscConfig  stm32f1xx_hal_rcc.o
    0x080035ce   0x080035ce   0x00000002   PAD
    0x080035d0   0x080035d0   0x00000010   Code   RO          741    .text.HAL_SYSTICK_Config  stm32f1xx_hal_cortex.o
    0x080035e0   0x080035e0   0x00000008   Code   RO         1212    .text.HAL_TIMEx_BreakCallback  stm32f1xx_hal_tim_ex.o
    0x080035e8   0x080035e8   0x00000008   Code   RO         1208    .text.HAL_TIMEx_CommutCallback  stm32f1xx_hal_tim_ex.o
    0x080035f0   0x080035f0   0x000000b2   Code   RO         1204    .text.HAL_TIMEx_ConfigBreakDeadTime  stm32f1xx_hal_tim_ex.o
    0x080036a2   0x080036a2   0x00000002   PAD
    0x080036a4   0x080036a4   0x000000dc   Code   RO         1202    .text.HAL_TIMEx_MasterConfigSynchronization  stm32f1xx_hal_tim_ex.o
    0x08003780   0x08003780   0x0000009c   Code   RO          895    .text.HAL_TIM_Base_Init  stm32f1xx_hal_tim.o
    0x0800381c   0x0800381c   0x0000006e   Code   RO          330    .text.HAL_TIM_Base_MspInit  tim.o
    0x0800388a   0x0800388a   0x00000002   PAD
    0x0800388c   0x0800388c   0x000000a4   Code   RO          905    .text.HAL_TIM_Base_Start  stm32f1xx_hal_tim.o
    0x08003930   0x08003930   0x000000b0   Code   RO          909    .text.HAL_TIM_Base_Start_IT  stm32f1xx_hal_tim.o
    0x080039e0   0x080039e0   0x00000046   Code   RO          907    .text.HAL_TIM_Base_Stop  stm32f1xx_hal_tim.o
    0x08003a26   0x08003a26   0x00000002   PAD
    0x08003a28   0x08003a28   0x00000176   Code   RO         1087    .text.HAL_TIM_ConfigClockSource  stm32f1xx_hal_tim.o
    0x08003b9e   0x08003b9e   0x00000002   PAD
    0x08003ba0   0x08003ba0   0x00000128   Code   RO         1009    .text.HAL_TIM_Encoder_Init  stm32f1xx_hal_tim.o
    0x08003cc8   0x08003cc8   0x000000e0   Code   RO          332    .text.HAL_TIM_Encoder_MspInit  tim.o
    0x08003da8   0x08003da8   0x0000017e   Code   RO         1021    .text.HAL_TIM_Encoder_Start_IT  stm32f1xx_hal_tim.o
    0x08003f26   0x08003f26   0x00000002   PAD
    0x08003f28   0x08003f28   0x00000008   Code   RO         1031    .text.HAL_TIM_IC_CaptureCallback  stm32f1xx_hal_tim.o
    0x08003f30   0x08003f30   0x0000027a   Code   RO         1029    .text.HAL_TIM_IRQHandler  stm32f1xx_hal_tim.o
    0x080041aa   0x080041aa   0x00000002   PAD
    0x080041ac   0x080041ac   0x00000060   Code   RO          322    .text.HAL_TIM_MspPostInit  tim.o
    0x0800420c   0x0800420c   0x00000008   Code   RO         1033    .text.HAL_TIM_OC_DelayElapsedCallback  stm32f1xx_hal_tim.o
    0x08004214   0x08004214   0x00000134   Code   RO         1061    .text.HAL_TIM_PWM_ConfigChannel  stm32f1xx_hal_tim.o
    0x08004348   0x08004348   0x0000009c   Code   RO          949    .text.HAL_TIM_PWM_Init  stm32f1xx_hal_tim.o
    0x080043e4   0x080043e4   0x00000008   Code   RO          951    .text.HAL_TIM_PWM_MspInit  stm32f1xx_hal_tim.o
    0x080043ec   0x080043ec   0x00000008   Code   RO         1035    .text.HAL_TIM_PWM_PulseFinishedCallback  stm32f1xx_hal_tim.o
    0x080043f4   0x080043f4   0x000001b6   Code   RO          961    .text.HAL_TIM_PWM_Start_IT  stm32f1xx_hal_tim.o
    0x080045aa   0x080045aa   0x00000002   PAD
    0x080045ac   0x080045ac   0x00000008   Code   RO          398    .text.HAL_TIM_PeriodElapsedCallback  stm32f1xx_it.o
    0x080045b4   0x080045b4   0x00000008   Code   RO         1039    .text.HAL_TIM_TriggerCallback  stm32f1xx_hal_tim.o
    0x080045bc   0x080045bc   0x0000000c   Code   RO         1309    .text.HAL_UARTEx_RxEventCallback  stm32f1xx_hal_uart.o
    0x080045c8   0x080045c8   0x00000008   Code   RO         1307    .text.HAL_UART_ErrorCallback  stm32f1xx_hal_uart.o
    0x080045d0   0x080045d0   0x00000344   Code   RO         1301    .text.HAL_UART_IRQHandler  stm32f1xx_hal_uart.o
    0x08004914   0x08004914   0x0000009a   Code   RO         1219    .text.HAL_UART_Init  stm32f1xx_hal_uart.o
    0x080049ae   0x080049ae   0x00000002   PAD
    0x080049b0   0x080049b0   0x000001ca   Code   RO          347    .text.HAL_UART_MspInit  usart.o
    0x08004b7a   0x08004b7a   0x00000002   PAD
    0x08004b7c   0x08004b7c   0x00000078   Code   RO         1255    .text.HAL_UART_Receive_DMA  stm32f1xx_hal_uart.o
    0x08004bf4   0x08004bf4   0x00000008   Code   RO         1319    .text.HAL_UART_RxCpltCallback  stm32f1xx_hal_uart.o
    0x08004bfc   0x08004bfc   0x00000008   Code   RO         1321    .text.HAL_UART_RxHalfCpltCallback  stm32f1xx_hal_uart.o
    0x08004c04   0x08004c04   0x000000f6   Code   RO         1247    .text.HAL_UART_Transmit_DMA  stm32f1xx_hal_uart.o
    0x08004cfa   0x08004cfa   0x00000002   PAD
    0x08004cfc   0x08004cfc   0x00000010   Code   RO          396    .text.HAL_UART_TxCpltCallback  stm32f1xx_it.o
    0x08004d0c   0x08004d0c   0x00000008   Code   RO         1317    .text.HAL_UART_TxHalfCpltCallback  stm32f1xx_hal_uart.o
    0x08004d14   0x08004d14   0x00000004   Code   RO          358    .text.HardFault_Handler  stm32f1xx_it.o
    0x08004d18   0x08004d18   0x00000010   Code   RO          390    .text.I2C1_EV_IRQHandler  stm32f1xx_it.o
    0x08004d28   0x08004d28   0x00000034   Code   RO          510    .text.I2C_ConvertOtherXferOptions  stm32f1xx_hal_i2c.o
    0x08004d5c   0x08004d5c   0x00000156   Code   RO          494    .text.I2C_DMAAbort  stm32f1xx_hal_i2c.o
    0x08004eb2   0x08004eb2   0x00000002   PAD
    0x08004eb4   0x08004eb4   0x00000064   Code   RO          456    .text.I2C_DMAError  stm32f1xx_hal_i2c.o
    0x08004f18   0x08004f18   0x000001ba   Code   RO          454    .text.I2C_DMAXferCplt  stm32f1xx_hal_i2c.o
    0x080050d2   0x080050d2   0x00000002   PAD
    0x080050d4   0x080050d4   0x0000027a   Code   RO          506    .text.I2C_ITError   stm32f1xx_hal_i2c.o
    0x0800534e   0x0800534e   0x00000002   PAD
    0x08005350   0x08005350   0x00000064   Code   RO          574    .text.I2C_IsAcknowledgeFailed  stm32f1xx_hal_i2c.o
    0x080053b4   0x080053b4   0x0000019e   Code   RO          526    .text.I2C_MasterReceive_BTF  stm32f1xx_hal_i2c.o
    0x08005552   0x08005552   0x00000002   PAD
    0x08005554   0x08005554   0x0000013c   Code   RO          524    .text.I2C_MasterReceive_RXNE  stm32f1xx_hal_i2c.o
    0x08005690   0x08005690   0x000000de   Code   RO          520    .text.I2C_MasterTransmit_BTF  stm32f1xx_hal_i2c.o
    0x0800576e   0x0800576e   0x00000002   PAD
    0x08005770   0x08005770   0x0000013e   Code   RO          518    .text.I2C_MasterTransmit_TXE  stm32f1xx_hal_i2c.o
    0x080058ae   0x080058ae   0x00000002   PAD
    0x080058b0   0x080058b0   0x00000046   Code   RO          514    .text.I2C_Master_ADD10  stm32f1xx_hal_i2c.o
    0x080058f6   0x080058f6   0x00000002   PAD
    0x080058f8   0x080058f8   0x00000358   Code   RO          516    .text.I2C_Master_ADDR  stm32f1xx_hal_i2c.o
    0x08005c50   0x08005c50   0x000000f0   Code   RO          512    .text.I2C_Master_SB  stm32f1xx_hal_i2c.o
    0x08005d40   0x08005d40   0x00000122   Code   RO          522    .text.I2C_MemoryTransmit_TXE_BTF  stm32f1xx_hal_i2c.o
    0x08005e62   0x08005e62   0x00000002   PAD
    0x08005e64   0x08005e64   0x0000013a   Code   RO          466    .text.I2C_RequestMemoryWrite  stm32f1xx_hal_i2c.o
    0x08005f9e   0x08005f9e   0x00000002   PAD
    0x08005fa0   0x08005fa0   0x0000002e   Code   RO          538    .text.I2C_SlaveReceive_BTF  stm32f1xx_hal_i2c.o
    0x08005fce   0x08005fce   0x00000002   PAD
    0x08005fd0   0x08005fd0   0x0000006e   Code   RO          536    .text.I2C_SlaveReceive_RXNE  stm32f1xx_hal_i2c.o
    0x0800603e   0x0800603e   0x00000002   PAD
    0x08006040   0x08006040   0x0000002c   Code   RO          534    .text.I2C_SlaveTransmit_BTF  stm32f1xx_hal_i2c.o
    0x0800606c   0x0800606c   0x0000006c   Code   RO          532    .text.I2C_SlaveTransmit_TXE  stm32f1xx_hal_i2c.o
    0x080060d8   0x080060d8   0x000000ae   Code   RO          528    .text.I2C_Slave_ADDR  stm32f1xx_hal_i2c.o
    0x08006186   0x08006186   0x00000002   PAD
    0x08006188   0x08006188   0x0000024a   Code   RO          530    .text.I2C_Slave_STOPF  stm32f1xx_hal_i2c.o
    0x080063d2   0x080063d2   0x00000002   PAD
    0x080063d4   0x080063d4   0x00000096   Code   RO          430    .text.I2C_WaitOnBTFFlagUntilTimeout  stm32f1xx_hal_i2c.o
    0x0800646a   0x0800646a   0x00000002   PAD
    0x0800646c   0x0800646c   0x000000be   Code   RO          424    .text.I2C_WaitOnFlagUntilTimeout  stm32f1xx_hal_i2c.o
    0x0800652a   0x0800652a   0x00000002   PAD
    0x0800652c   0x0800652c   0x00000110   Code   RO          572    .text.I2C_WaitOnMasterAddressFlagUntilTimeout  stm32f1xx_hal_i2c.o
    0x0800663c   0x0800663c   0x00000078   Code   RO          570    .text.I2C_WaitOnSTOPRequestThroughIT  stm32f1xx_hal_i2c.o
    0x080066b4   0x080066b4   0x00000094   Code   RO          428    .text.I2C_WaitOnTXEFlagUntilTimeout  stm32f1xx_hal_i2c.o
    0x08006748   0x08006748   0x00000052   Code   RO          285    .text.MPU_IIC_Ack   mpui2c.o
    0x0800679a   0x0800679a   0x00000002   PAD
    0x0800679c   0x0800679c   0x0000000a   Code   RO          277    .text.MPU_IIC_Delay  mpui2c.o
    0x080067a6   0x080067a6   0x00000002   PAD
    0x080067a8   0x080067a8   0x00000056   Code   RO          287    .text.MPU_IIC_NAck  mpui2c.o
    0x080067fe   0x080067fe   0x00000002   PAD
    0x08006800   0x08006800   0x000000ac   Code   RO          291    .text.MPU_IIC_Read_Byte  mpui2c.o
    0x080068ac   0x080068ac   0x000000ae   Code   RO          289    .text.MPU_IIC_Send_Byte  mpui2c.o
    0x0800695a   0x0800695a   0x00000002   PAD
    0x0800695c   0x0800695c   0x00000054   Code   RO          279    .text.MPU_IIC_Start  mpui2c.o
    0x080069b0   0x080069b0   0x00000050   Code   RO          281    .text.MPU_IIC_Stop  mpui2c.o
    0x08006a00   0x08006a00   0x00000096   Code   RO          283    .text.MPU_IIC_Wait_Ack  mpui2c.o
    0x08006a96   0x08006a96   0x00000002   PAD
    0x08006a98   0x08006a98   0x00000096   Code   RO           26    .text.MPU_Init      mpu6050.o
    0x08006b2e   0x08006b2e   0x00000002   PAD
    0x08006b30   0x08006b30   0x00000046   Code   RO           36    .text.MPU_Read_Byte  mpu6050.o
    0x08006b76   0x08006b76   0x00000002   PAD
    0x08006b78   0x08006b78   0x000000aa   Code   RO           42    .text.MPU_Read_Len  mpu6050.o
    0x08006c22   0x08006c22   0x00000002   PAD
    0x08006c24   0x08006c24   0x0000001a   Code   RO           32    .text.MPU_Set_Accel_Fsr  mpu6050.o
    0x08006c3e   0x08006c3e   0x00000002   PAD
    0x08006c40   0x08006c40   0x0000001a   Code   RO           30    .text.MPU_Set_Gyro_Fsr  mpu6050.o
    0x08006c5a   0x08006c5a   0x00000002   PAD
    0x08006c5c   0x08006c5c   0x00000086   Code   RO           38    .text.MPU_Set_LPF   mpu6050.o
    0x08006ce2   0x08006ce2   0x00000002   PAD
    0x08006ce4   0x08006ce4   0x0000005e   Code   RO           34    .text.MPU_Set_Rate  mpu6050.o
    0x08006d42   0x08006d42   0x00000002   PAD
    0x08006d44   0x08006d44   0x00000066   Code   RO           28    .text.MPU_Write_Byte  mpu6050.o
    0x08006daa   0x08006daa   0x00000002   PAD
    0x08006dac   0x08006dac   0x0000009a   Code   RO           48    .text.MPU_Write_Len  mpu6050.o
    0x08006e46   0x08006e46   0x00000002   PAD
    0x08006e48   0x08006e48   0x0000004c   Code   RO          307    .text.MX_DMA_Init   dma.o
    0x08006e94   0x08006e94   0x00000168   Code   RO          304    .text.MX_GPIO_Init  gpio.o
    0x08006ffc   0x08006ffc   0x00000048   Code   RO          310    .text.MX_I2C1_Init  i2c.o
    0x08007044   0x08007044   0x0000008c   Code   RO          298    .text.MX_NVIC_Init  main.o
    0x080070d0   0x080070d0   0x00000138   Code   RO          320    .text.MX_TIM1_Init  tim.o
    0x08007208   0x08007208   0x00000082   Code   RO          324    .text.MX_TIM2_Init  tim.o
    0x0800728a   0x0800728a   0x00000002   PAD
    0x0800728c   0x0800728c   0x00000082   Code   RO          326    .text.MX_TIM3_Init  tim.o
    0x0800730e   0x0800730e   0x00000002   PAD
    0x08007310   0x08007310   0x00000084   Code   RO          328    .text.MX_TIM4_Init  tim.o
    0x08007394   0x08007394   0x00000040   Code   RO          343    .text.MX_USART1_UART_Init  usart.o
    0x080073d4   0x080073d4   0x00000040   Code   RO          345    .text.MX_USART2_UART_Init  usart.o
    0x08007414   0x08007414   0x00000004   Code   RO          360    .text.MemManage_Handler  stm32f1xx_it.o
    0x08007418   0x08007418   0x0000001e   Code   RO         1364    .text.MotorChangeSpeed  motor.o
    0x08007436   0x08007436   0x00000002   PAD
    0x08007438   0x08007438   0x00000144   Code   RO         1362    .text.MotorInit     motor.o
    0x0800757c   0x0800757c   0x00000078   Code   RO         1372    .text.MotorTurnBackward  motor.o
    0x080075f4   0x080075f4   0x00000066   Code   RO         1370    .text.MotorTurnForward  motor.o
    0x0800765a   0x0800765a   0x00000002   PAD
    0x0800765c   0x0800765c   0x0000006a   Code   RO         1368    .text.MotorTurnLeft  motor.o
    0x080076c6   0x080076c6   0x00000002   PAD
    0x080076c8   0x080076c8   0x00000066   Code   RO         1366    .text.MotorTurnRight  motor.o
    0x0800772e   0x0800772e   0x00000002   PAD
    0x08007730   0x08007730   0x00000014   Code   RO         1378    .text.MotorTurnSLeft  motor.o
    0x08007744   0x08007744   0x00000014   Code   RO         1380    .text.MotorTurnSRight  motor.o
    0x08007758   0x08007758   0x00000024   Code   RO         1374    .text.MotorTurnStill  motor.o
    0x0800777c   0x0800777c   0x00000038   Code   RO           87    .text.My_abs        oled.o
    0x080077b4   0x080077b4   0x00000004   Code   RO          356    .text.NMI_Handler   stm32f1xx_it.o
    0x080077b8   0x080077b8   0x0000006c   Code   RO          727    .text.NVIC_EncodePriority  stm32f1xx_hal_cortex.o
    0x08007824   0x08007824   0x00000032   Code   RO           59    .text.OLED_ColorTurn  oled.o
    0x08007856   0x08007856   0x00000002   PAD
    0x08007858   0x08007858   0x00000046   Code   RO           61    .text.OLED_DisplayTurn  oled.o
    0x0800789e   0x0800789e   0x00000002   PAD
    0x080078a0   0x080078a0   0x000000a2   Code   RO           71    .text.OLED_DrawPoint  oled.o
    0x08007942   0x08007942   0x00000002   PAD
    0x08007944   0x08007944   0x000000ea   Code   RO           55    .text.OLED_Init     oled.o
    0x08007a2e   0x08007a2e   0x00000002   PAD
    0x08007a30   0x08007a30   0x00000030   Code   RO           81    .text.OLED_Pow      oled.o
    0x08007a60   0x08007a60   0x00000082   Code   RO           67    .text.OLED_Refresh  oled.o
    0x08007ae2   0x08007ae2   0x00000002   PAD
    0x08007ae4   0x08007ae4   0x000001be   Code   RO           77    .text.OLED_ShowChar  oled.o
    0x08007ca2   0x08007ca2   0x00000002   PAD
    0x08007ca4   0x08007ca4   0x00000360   Code   RO           85    .text.OLED_ShowFloat  oled.o
    0x08008004   0x08008004   0x0000010a   Code   RO           83    .text.OLED_ShowNum  oled.o
    0x0800810e   0x0800810e   0x00000002   PAD
    0x08008110   0x08008110   0x00000094   Code   RO           79    .text.OLED_ShowString  oled.o
    0x080081a4   0x080081a4   0x00000038   Code   RO           57    .text.OLED_WR_Byte  oled.o
    0x080081dc   0x080081dc   0x00000038   Code   RO           51    .text.OLED_Write_Command  oled.o
    0x08008214   0x08008214   0x00000038   Code   RO           53    .text.OLED_Write_Data  oled.o
    0x0800824c   0x0800824c   0x0000002e   Code   RO            8    .text.ObstacleMeasure  run_main.o
    0x0800827a   0x0800827a   0x00000002   PAD
    0x0800827c   0x0800827c   0x00000002   Code   RO          370    .text.PendSV_Handler  stm32f1xx_it.o
    0x0800827e   0x0800827e   0x00000002   PAD
    0x08008280   0x08008280   0x00000418   Code   RO         1406    .text.ProcessProtool  protool.o
    0x08008698   0x08008698   0x0000003a   Code   RO          635    .text.RCC_Delay     stm32f1xx_hal_rcc.o
    0x080086d2   0x080086d2   0x00000002   PAD
    0x080086d4   0x080086d4   0x00000002   Code   RO          366    .text.SVC_Handler   stm32f1xx_it.o
    0x080086d6   0x080086d6   0x00000002   PAD
    0x080086d8   0x080086d8   0x00000050   Code   RO            6    .text.SendUp        run_main.o
    0x08008728   0x08008728   0x0000005a   Code   RO         1393    .text.SpeedControl_Init  speed.o
    0x08008782   0x08008782   0x00000002   PAD
    0x08008784   0x08008784   0x000000e0   Code   RO         1395    .text.SpeedControl_update  speed.o
    0x08008864   0x08008864   0x00000052   Code   RO          743    .text.SysTick_Config  stm32f1xx_hal_cortex.o
    0x080088b6   0x080088b6   0x00000002   PAD
    0x080088b8   0x080088b8   0x00000008   Code   RO          372    .text.SysTick_Handler  stm32f1xx_it.o
    0x080088c0   0x080088c0   0x0000006c   Code   RO          296    .text.SystemClock_Config  main.o
    0x0800892c   0x0800892c   0x00000002   Code   RO         1342    .text.SystemInit    system_stm32f1xx.o
    0x0800892e   0x0800892e   0x00000002   PAD
    0x08008930   0x08008930   0x00000010   Code   RO          386    .text.TIM2_IRQHandler  stm32f1xx_it.o
    0x08008940   0x08008940   0x00000010   Code   RO          388    .text.TIM3_IRQHandler  stm32f1xx_it.o
    0x08008950   0x08008950   0x000000f0   Code   RO          899    .text.TIM_Base_SetConfig  stm32f1xx_hal_tim.o
    0x08008a40   0x08008a40   0x00000036   Code   RO          933    .text.TIM_CCxChannelCmd  stm32f1xx_hal_tim.o
    0x08008a76   0x08008a76   0x00000002   PAD
    0x08008a78   0x08008a78   0x00000034   Code   RO         1085    .text.TIM_ETR_SetConfig  stm32f1xx_hal_tim.o
    0x08008aac   0x08008aac   0x0000002a   Code   RO         1091    .text.TIM_ITRx_SetConfig  stm32f1xx_hal_tim.o
    0x08008ad6   0x08008ad6   0x00000002   PAD
    0x08008ad8   0x08008ad8   0x000000ce   Code   RO         1043    .text.TIM_OC1_SetConfig  stm32f1xx_hal_tim.o
    0x08008ba6   0x08008ba6   0x00000002   PAD
    0x08008ba8   0x08008ba8   0x000000d8   Code   RO         1045    .text.TIM_OC2_SetConfig  stm32f1xx_hal_tim.o
    0x08008c80   0x08008c80   0x000000d6   Code   RO         1047    .text.TIM_OC3_SetConfig  stm32f1xx_hal_tim.o
    0x08008d56   0x08008d56   0x00000002   PAD
    0x08008d58   0x08008d58   0x00000096   Code   RO         1049    .text.TIM_OC4_SetConfig  stm32f1xx_hal_tim.o
    0x08008dee   0x08008dee   0x00000002   PAD
    0x08008df0   0x08008df0   0x00000050   Code   RO         1089    .text.TIM_TI1_ConfigInputStage  stm32f1xx_hal_tim.o
    0x08008e40   0x08008e40   0x00000052   Code   RO         1093    .text.TIM_TI2_ConfigInputStage  stm32f1xx_hal_tim.o
    0x08008e92   0x08008e92   0x00000002   PAD
    0x08008e94   0x08008e94   0x000000bc   Code   RO         1356    .text.TurnControlUpdate  angle.o
    0x08008f50   0x08008f50   0x0000002e   Code   RO         1354    .text.TurnControl_Init  angle.o
    0x08008f7e   0x08008f7e   0x00000002   PAD
    0x08008f80   0x08008f80   0x00000020   Code   RO         1305    .text.UART_DMAAbortOnError  stm32f1xx_hal_uart.o
    0x08008fa0   0x08008fa0   0x0000007c   Code   RO         1253    .text.UART_DMAError  stm32f1xx_hal_uart.o
    0x0800901c   0x0800901c   0x00000086   Code   RO         1337    .text.UART_DMAReceiveCplt  stm32f1xx_hal_uart.o
    0x080090a2   0x080090a2   0x00000002   PAD
    0x080090a4   0x080090a4   0x0000002e   Code   RO         1339    .text.UART_DMARxHalfCplt  stm32f1xx_hal_uart.o
    0x080090d2   0x080090d2   0x00000002   PAD
    0x080090d4   0x080090d4   0x00000046   Code   RO         1249    .text.UART_DMATransmitCplt  stm32f1xx_hal_uart.o
    0x0800911a   0x0800911a   0x00000002   PAD
    0x0800911c   0x0800911c   0x00000016   Code   RO         1251    .text.UART_DMATxHalfCplt  stm32f1xx_hal_uart.o
    0x08009132   0x08009132   0x00000002   PAD
    0x08009134   0x08009134   0x00000046   Code   RO         1267    .text.UART_EndRxTransfer  stm32f1xx_hal_uart.o
    0x0800917a   0x0800917a   0x00000002   PAD
    0x0800917c   0x0800917c   0x00000026   Code   RO         1313    .text.UART_EndTransmit_IT  stm32f1xx_hal_uart.o
    0x080091a2   0x080091a2   0x00000002   PAD
    0x080091a4   0x080091a4   0x0000001c   Code   RO         1265    .text.UART_EndTxTransfer  stm32f1xx_hal_uart.o
    0x080091c0   0x080091c0   0x0000014a   Code   RO         1303    .text.UART_Receive_IT  stm32f1xx_hal_uart.o
    0x0800930a   0x0800930a   0x00000002   PAD
    0x0800930c   0x0800930c   0x000000ba   Code   RO         1223    .text.UART_SetConfig  stm32f1xx_hal_uart.o
    0x080093c6   0x080093c6   0x00000002   PAD
    0x080093c8   0x080093c8   0x000000c0   Code   RO         1257    .text.UART_Start_Receive_DMA  stm32f1xx_hal_uart.o
    0x08009488   0x08009488   0x00000094   Code   RO         1311    .text.UART_Transmit_IT  stm32f1xx_hal_uart.o
    0x0800951c   0x0800951c   0x0000006a   Code   RO          392    .text.USART1_IRQHandler  stm32f1xx_it.o
    0x08009586   0x08009586   0x00000002   PAD
    0x08009588   0x08009588   0x00000004   Code   RO          364    .text.UsageFault_Handler  stm32f1xx_it.o
    0x0800958c   0x0800958c   0x00000030   Code   RO          731    .text.__NVIC_EnableIRQ  stm32f1xx_hal_cortex.o
    0x080095bc   0x080095bc   0x00000010   Code   RO          723    .text.__NVIC_GetPriorityGrouping  stm32f1xx_hal_cortex.o
    0x080095cc   0x080095cc   0x00000042   Code   RO          725    .text.__NVIC_SetPriority  stm32f1xx_hal_cortex.o
    0x0800960e   0x0800960e   0x00000002   PAD
    0x08009610   0x08009610   0x0000003c   Code   RO          719    .text.__NVIC_SetPriorityGrouping  stm32f1xx_hal_cortex.o
    0x0800964c   0x0800964c   0x000000e4   Code   RO          167    .text.accel_self_test  inv_mpu.o
    0x08009730   0x08009730   0x0000009c   Code   RO          259    .text.decode_gesture  inv_mpu_dmp_motion_driver.o
    0x080097cc   0x080097cc   0x0000002a   Code   RO         1415    .text.dma_printf_init  dma_printf.o
    0x080097f6   0x080097f6   0x00000002   PAD
    0x080097f8   0x080097f8   0x00000068   Code   RO         1417    .text.dma_printf_putc  dma_printf.o
    0x08009860   0x08009860   0x0000008a   Code   RO         1419    .text.dma_printf_send_it  dma_printf.o
    0x080098ea   0x080098ea   0x00000002   PAD
    0x080098ec   0x080098ec   0x00000040   Code   RO         1429    .text.dma_ring_available  dma_ring.o
    0x0800992c   0x0800992c   0x0000003a   Code   RO         1431    .text.dma_ring_available_linear  dma_ring.o
    0x08009966   0x08009966   0x00000002   PAD
    0x08009968   0x08009968   0x00000046   Code   RO         1437    .text.dma_ring_forward_r_ptr  dma_ring.o
    0x080099ae   0x080099ae   0x00000002   PAD
    0x080099b0   0x080099b0   0x0000000e   Code   RO         1435    .text.dma_ring_get_r_ptr  dma_ring.o
    0x080099be   0x080099be   0x00000002   PAD
    0x080099c0   0x080099c0   0x00000062   Code   RO         1425    .text.dma_ring_getc  dma_ring.o
    0x08009a22   0x08009a22   0x00000002   PAD
    0x08009a24   0x08009a24   0x00000026   Code   RO         1423    .text.dma_ring_init  dma_ring.o
    0x08009a4a   0x08009a4a   0x00000002   PAD
    0x08009a4c   0x08009a4c   0x00000070   Code   RO         1427    .text.dma_ring_putc  dma_ring.o
    0x08009abc   0x08009abc   0x00000016   Code   RO         1439    .text.dma_ring_set_w_ptr  dma_ring.o
    0x08009ad2   0x08009ad2   0x00000002   PAD
    0x08009ad4   0x08009ad4   0x00000038   Code   RO         1442    .text.dma_scanf_init  dma_scanf.o
    0x08009b0c   0x08009b0c   0x00000046   Code   RO          251    .text.dmp_enable_6x_lp_quat  inv_mpu_dmp_motion_driver.o
    0x08009b52   0x08009b52   0x00000002   PAD
    0x08009b54   0x08009b54   0x000002aa   Code   RO          245    .text.dmp_enable_feature  inv_mpu_dmp_motion_driver.o
    0x08009dfe   0x08009dfe   0x00000002   PAD
    0x08009e00   0x08009e00   0x0000006a   Code   RO          247    .text.dmp_enable_gyro_cal  inv_mpu_dmp_motion_driver.o
    0x08009e6a   0x08009e6a   0x00000002   PAD
    0x08009e6c   0x08009e6c   0x00000046   Code   RO          249    .text.dmp_enable_lp_quat  inv_mpu_dmp_motion_driver.o
    0x08009eb2   0x08009eb2   0x00000002   PAD
    0x08009eb4   0x08009eb4   0x0000001a   Code   RO          209    .text.dmp_load_motion_driver_firmware  inv_mpu_dmp_motion_driver.o
    0x08009ece   0x08009ece   0x00000002   PAD
    0x08009ed0   0x08009ed0   0x000001d2   Code   RO          257    .text.dmp_read_fifo  inv_mpu_dmp_motion_driver.o
    0x0800a0a2   0x0800a0a2   0x00000002   PAD
    0x0800a0a4   0x0800a0a4   0x00000156   Code   RO          215    .text.dmp_set_accel_bias  inv_mpu_dmp_motion_driver.o
    0x0800a1fa   0x0800a1fa   0x00000002   PAD
    0x0800a1fc   0x0800a1fc   0x000000a4   Code   RO          217    .text.dmp_set_fifo_rate  inv_mpu_dmp_motion_driver.o
    0x0800a2a0   0x0800a2a0   0x00000150   Code   RO          213    .text.dmp_set_gyro_bias  inv_mpu_dmp_motion_driver.o
    0x0800a3f0   0x0800a3f0   0x000001b0   Code   RO          211    .text.dmp_set_orientation  inv_mpu_dmp_motion_driver.o
    0x0800a5a0   0x0800a5a0   0x00000056   Code   RO          231    .text.dmp_set_shake_reject_thresh  inv_mpu_dmp_motion_driver.o
    0x0800a5f6   0x0800a5f6   0x00000002   PAD
    0x0800a5f8   0x0800a5f8   0x0000003e   Code   RO          233    .text.dmp_set_shake_reject_time  inv_mpu_dmp_motion_driver.o
    0x0800a636   0x0800a636   0x00000002   PAD
    0x0800a638   0x0800a638   0x0000003e   Code   RO          235    .text.dmp_set_shake_reject_timeout  inv_mpu_dmp_motion_driver.o
    0x0800a676   0x0800a676   0x00000002   PAD
    0x0800a678   0x0800a678   0x0000006c   Code   RO          223    .text.dmp_set_tap_axes  inv_mpu_dmp_motion_driver.o
    0x0800a6e4   0x0800a6e4   0x0000004a   Code   RO          225    .text.dmp_set_tap_count  inv_mpu_dmp_motion_driver.o
    0x0800a72e   0x0800a72e   0x00000002   PAD
    0x0800a730   0x0800a730   0x000001fc   Code   RO          221    .text.dmp_set_tap_thresh  inv_mpu_dmp_motion_driver.o
    0x0800a92c   0x0800a92c   0x00000040   Code   RO          227    .text.dmp_set_tap_time  inv_mpu_dmp_motion_driver.o
    0x0800a96c   0x0800a96c   0x00000040   Code   RO          229    .text.dmp_set_tap_time_multi  inv_mpu_dmp_motion_driver.o
    0x0800a9ac   0x0800a9ac   0x00000016   Code   RO           14    .text.fputc         run_main.o
    0x0800a9c2   0x0800a9c2   0x00000002   PAD
    0x0800a9c4   0x0800a9c4   0x00000106   Code   RO          197    .text.get_accel_prod_shift  inv_mpu.o
    0x0800aaca   0x0800aaca   0x00000002   PAD
    0x0800aacc   0x0800aacc   0x00000560   Code   RO          165    .text.get_st_biases  inv_mpu.o
    0x0800b02c   0x0800b02c   0x00000162   Code   RO          169    .text.gyro_self_test  inv_mpu.o
    0x0800b18e   0x0800b18e   0x00000002   PAD
    0x0800b190   0x0800b190   0x00000044   Code   RO          189    .text.inv_orientation_matrix_to_scalar  inv_mpu.o
    0x0800b1d4   0x0800b1d4   0x0000009c   Code   RO          191    .text.inv_row_2_scale  inv_mpu.o
    0x0800b270   0x0800b270   0x00000040   Code   RO          294    .text.main          main.o
    0x0800b2b0   0x0800b2b0   0x00000008   Code   RO          121    .text.mget_ms       inv_mpu.o
    0x0800b2b8   0x0800b2b8   0x000000d2   Code   RO          109    .text.mpu_configure_fifo  inv_mpu.o
    0x0800b38a   0x0800b38a   0x00000002   PAD
    0x0800b38c   0x0800b38c   0x0000022e   Code   RO          195    .text.mpu_dmp_get_data  inv_mpu.o
    0x0800b5ba   0x0800b5ba   0x00000002   PAD
    0x0800b5bc   0x0800b5bc   0x00000120   Code   RO          193    .text.mpu_dmp_init  inv_mpu.o
    0x0800b6dc   0x0800b6dc   0x0000006c   Code   RO          133    .text.mpu_get_accel_fsr  inv_mpu.o
    0x0800b748   0x0800b748   0x00000074   Code   RO          145    .text.mpu_get_accel_sens  inv_mpu.o
    0x0800b7bc   0x0800b7bc   0x00000018   Code   RO          147    .text.mpu_get_fifo_config  inv_mpu.o
    0x0800b7d4   0x0800b7d4   0x00000054   Code   RO          131    .text.mpu_get_gyro_fsr  inv_mpu.o
    0x0800b828   0x0800b828   0x00000068   Code   RO          143    .text.mpu_get_gyro_sens  inv_mpu.o
    0x0800b890   0x0800b890   0x00000064   Code   RO          135    .text.mpu_get_lpf   inv_mpu.o
    0x0800b8f4   0x0800b8f4   0x00000038   Code   RO          137    .text.mpu_get_sample_rate  inv_mpu.o
    0x0800b92c   0x0800b92c   0x0000024e   Code   RO           99    .text.mpu_init      inv_mpu.o
    0x0800bb7a   0x0800bb7a   0x00000002   PAD
    0x0800bb7c   0x0800bb7c   0x00000134   Code   RO          175    .text.mpu_load_firmware  inv_mpu.o
    0x0800bcb0   0x0800bcb0   0x0000012a   Code   RO          115    .text.mpu_lp_accel_mode  inv_mpu.o
    0x0800bdda   0x0800bdda   0x00000002   PAD
    0x0800bddc   0x0800bddc   0x00000128   Code   RO          157    .text.mpu_read_fifo_stream  inv_mpu.o
    0x0800bf04   0x0800bf04   0x000000be   Code   RO          173    .text.mpu_read_mem  inv_mpu.o
    0x0800bfc2   0x0800bfc2   0x00000002   PAD
    0x0800bfc4   0x0800bfc4   0x00000290   Code   RO          129    .text.mpu_reset_fifo  inv_mpu.o
    0x0800c254   0x0800c254   0x0000017a   Code   RO          161    .text.mpu_run_self_test  inv_mpu.o
    0x0800c3ce   0x0800c3ce   0x00000002   PAD
    0x0800c3d0   0x0800c3d0   0x000000c8   Code   RO          103    .text.mpu_set_accel_fsr  inv_mpu.o
    0x0800c498   0x0800c498   0x000001f2   Code   RO          111    .text.mpu_set_bypass  inv_mpu.o
    0x0800c68a   0x0800c68a   0x00000002   PAD
    0x0800c68c   0x0800c68c   0x000000d0   Code   RO          163    .text.mpu_set_dmp_state  inv_mpu.o
    0x0800c75c   0x0800c75c   0x000000d0   Code   RO          101    .text.mpu_set_gyro_fsr  inv_mpu.o
    0x0800c82c   0x0800c82c   0x000000b8   Code   RO          117    .text.mpu_set_int_latched  inv_mpu.o
    0x0800c8e4   0x0800c8e4   0x000000e2   Code   RO          105    .text.mpu_set_lpf   inv_mpu.o
    0x0800c9c6   0x0800c9c6   0x00000002   PAD
    0x0800c9c8   0x0800c9c8   0x000000fa   Code   RO          107    .text.mpu_set_sample_rate  inv_mpu.o
    0x0800cac2   0x0800cac2   0x00000002   PAD
    0x0800cac4   0x0800cac4   0x0000015a   Code   RO          113    .text.mpu_set_sensors  inv_mpu.o
    0x0800cc1e   0x0800cc1e   0x00000002   PAD
    0x0800cc20   0x0800cc20   0x000000be   Code   RO          171    .text.mpu_write_mem  inv_mpu.o
    0x0800ccde   0x0800ccde   0x00000002   PAD
    0x0800cce0   0x0800cce0   0x000005da   Code   RO           12    .text.run_main      run_main.o
    0x0800d2ba   0x0800d2ba   0x00000002   PAD
    0x0800d2bc   0x0800d2bc   0x0000009c   Code   RO          187    .text.run_self_test  inv_mpu.o
    0x0800d358   0x0800d358   0x000000f2   Code   RO          149    .text.set_int_enable  inv_mpu.o
    0x0800d44a   0x0800d44a   0x00000002   PAD
    0x0800d44c   0x0800d44c   0x00000020   Code   RO         1459    i.__0printf         mc_w.l(printfa.o)
    0x0800d46c   0x0800d46c   0x00000028   Code   RO         1503    i.__ARM_fpclassify  m_ws.l(fpclassify.o)
    0x0800d494   0x0800d494   0x000000aa   Code   RO         1504    i.__kernel_poly     m_ws.l(poly.o)
    0x0800d53e   0x0800d53e   0x00000006   Code   RO         1497    i.__mathlib_dbl_infnan  m_ws.l(dunder.o)
    0x0800d544   0x0800d544   0x00000004   Code   RO         1498    i.__mathlib_dbl_infnan2  m_ws.l(dunder.o)
    0x0800d548   0x0800d548   0x0000000c   Code   RO         1499    i.__mathlib_dbl_invalid  m_ws.l(dunder.o)
    0x0800d554   0x0800d554   0x00000010   Code   RO         1502    i.__mathlib_dbl_underflow  m_ws.l(dunder.o)
    0x0800d564   0x0800d564   0x0000000e   Code   RO         1548    i.__scatterload_copy  mc_w.l(handlers.o)
    0x0800d572   0x0800d572   0x00000002   Code   RO         1549    i.__scatterload_null  mc_w.l(handlers.o)
    0x0800d574   0x0800d574   0x0000000e   Code   RO         1550    i.__scatterload_zeroinit  mc_w.l(handlers.o)
    0x0800d582   0x0800d582   0x00000002   PAD
    0x0800d584   0x0800d584   0x0000000c   Code   RO         1535    i.__set_errno       mc_w.l(errno.o)
    0x0800d590   0x0800d590   0x00000184   Code   RO         1466    i._fp_digits        mc_w.l(printfa.o)
    0x0800d714   0x0800d714   0x000006dc   Code   RO         1467    i._printf_core      mc_w.l(printfa.o)
    0x0800ddf0   0x0800ddf0   0x00000024   Code   RO         1468    i._printf_post_padding  mc_w.l(printfa.o)
    0x0800de14   0x0800de14   0x0000002e   Code   RO         1469    i._printf_pre_padding  mc_w.l(printfa.o)
    0x0800de42   0x0800de42   0x00000002   PAD
    0x0800de44   0x0800de44   0x00000270   Code   RO         1446    i.asin              m_ws.l(asin.o)
    0x0800e0b4   0x0800e0b4   0x00000220   Code   RO         1494    i.atan              m_ws.l(atan.o)
    0x0800e2d4   0x0800e2d4   0x0000019c   Code   RO         1449    i.atan2             m_ws.l(atan2.o)
    0x0800e470   0x0800e470   0x0000004c   Code   RO         1507    i.sqrt              m_ws.l(sqrt.o)
    0x0800e4bc   0x0800e4bc   0x00000004   PAD
    0x0800e4c0   0x0800e4c0   0x00000050   Data   RO         1447    .constdata          m_ws.l(asin.o)
    0x0800e510   0x0800e510   0x00000098   Data   RO         1495    .constdata          m_ws.l(atan.o)
    0x0800e5a8   0x0800e5a8   0x00000008   Data   RO         1505    .constdata          m_ws.l(qnan.o)
    0x0800e5b0   0x0800e5b0   0x00000010   Data   RO         1347    .rodata.AHBPrescTable  system_stm32f1xx.o
    0x0800e5c0   0x0800e5c0   0x00000008   Data   RO         1348    .rodata.APBPrescTable  system_stm32f1xx.o
    0x0800e5c8   0x0800e5c8   0x00000228   Data   RO           89    .rodata.asc2_0806   oled.o
    0x0800e7f0   0x0800e7f0   0x00000474   Data   RO           90    .rodata.asc2_1206   oled.o
    0x0800ec64   0x0800ec64   0x000005f0   Data   RO           91    .rodata.asc2_1608   oled.o
    0x0800f254   0x0800f254   0x00000bf6   Data   RO          265    .rodata.dmp_memory  inv_mpu_dmp_motion_driver.o
    0x0800fe4a   0x0800fe4a   0x0000000c   Data   RO          200    .rodata.hw          inv_mpu.o
    0x0800fe56   0x0800fe56   0x0000001b   Data   RO          199    .rodata.reg         inv_mpu.o
    0x0800fe71   0x0800fe71   0x0000002c   Data   RO           18    .rodata.str1.1      run_main.o
    0x0800fe9d   0x0800fe9d   0x00000091   Data   RO          203    .rodata.str1.1      inv_mpu.o
    0x0800ff2e   0x0800ff2e   0x00000005   Data   RO         1410    .rodata.str1.1      protool.o
    0x0800ff33   0x0800ff33   0x00000001   PAD
    0x0800ff34   0x0800ff34   0x00000028   Data   RO          201    .rodata.test        inv_mpu.o
    0x0800ff5c   0x0800ff5c   0x00000020   Data   RO         1547    Region$$Table       anon$$obj.o


    Execution Region RW_IRAM1 (Exec base: 0x20000000, Load base: 0x0800ff80, Size: 0x00001550, Max: 0x00005000, ABSOLUTE)

    Exec Addr    Load Addr    Size         Type   Attr      Idx    E Section Name        Object

    0x20000000   0x0800ff80   0x00000004   Data   RW         1522    .data               mc_w.l(stdout.o)
    0x20000004   0x0800ff84   0x00000004   Data   RW         1536    .data               mc_w.l(errno.o)
    0x20000008   0x0800ff88   0x00000008   Data   RW           16    .data.ObstacleDistance  run_main.o
    0x20000010   0x0800ff90   0x00000004   Data   RW         1346    .data.SystemCoreClock  system_stm32f1xx.o
    0x20000014   0x0800ff94   0x00000009   Data   RW          204    .data.gyro_orientation  inv_mpu.o
    0x2000001d   0x0800ff9d   0x00000003   PAD
    0x20000020   0x0800ffa0   0x0000002c   Data   RW          202    .data.st            inv_mpu.o
    0x2000004c   0x0800ffcc   0x00000001   Data   RW          628    .data.uwTickFreq    stm32f1xx_hal.o
    0x2000004d   0x0800ffcd   0x00000003   PAD
    0x20000050   0x0800ffd0   0x00000004   Data   RW          627    .data.uwTickPrio    stm32f1xx_hal.o
    0x20000054   0x0800ffd4   0x00000004   PAD
    0x20000058        -       0x00000004   Zero   RW         1388    .bss.AngleMode      motor.o
    0x2000005c   0x0800ffd4   0x00000004   PAD
    0x20000060        -       0x00000008   Zero   RW          402    .bss.EXTI15_10_IRQHandler.LocalSum  stm32f1xx_it.o
    0x20000068        -       0x00000001   Zero   RW          401    .bss.EXTI15_10_IRQHandler.SpCnt  stm32f1xx_it.o
    0x20000069        -       0x00000001   Zero   RW          400    .bss.EXTI15_10_IRQHandler.obsing  stm32f1xx_it.o
    0x2000006a   0x0800ffd4   0x00000002   PAD
    0x2000006c        -       0x00000004   Zero   RW         1387    .bss.MotorMode      motor.o
    0x20000070        -       0x00000400   Zero   RW           92    .bss.OLED_GRAM      oled.o
    0x20000470        -       0x00000001   Zero   RW           24    .bss.ObstacleMeasureing  run_main.o
    0x20000471   0x0800ffd4   0x00000007   PAD
    0x20000478        -       0x00000008   Zero   RW         1391    .bss.PID_TurnValue  motor.o
    0x20000480        -       0x00000028   Zero   RW         1358    .bss.PID_angle      angle.o
    0x200004a8        -       0x00000038   Zero   RW         1402    .bss.PID_speed      speed.o
    0x200004e0        -       0x00000020   Zero   RW         1359    .bss.PID_turn       angle.o
    0x20000500        -       0x00000004   Zero   RW         1389    .bss.SpeedMode      motor.o
    0x20000504   0x0800ffd4   0x00000004   PAD
    0x20000508        -       0x00000008   Zero   RW         1390    .bss.TmpTargetVal   motor.o
    0x20000510        -       0x00000004   Zero   RW         1360    .bss.TurnControlUpdate.bias  angle.o
    0x20000514        -       0x00000006   Zero   RW          206    .bss.accel          inv_mpu.o
    0x2000051a   0x0800ffd4   0x00000006   PAD
    0x20000520        -       0x00000008   Zero   RW           17    .bss.aveSpeed       run_main.o
    0x20000528        -       0x00000414   Zero   RW         1421    .bss.dmi            dma_printf.o
    0x2000093c        -       0x00000010   Zero   RW          270    .bss.dmp            inv_mpu_dmp_motion_driver.o
    0x2000094c        -       0x0000040c   Zero   RW         1444    .bss.dsi            dma_scanf.o
    0x20000d58        -       0x00000001   Zero   RW           20    .bss.fac_us         run_main.o
    0x20000d59   0x0800ffd4   0x00000001   PAD
    0x20000d5a        -       0x00000006   Zero   RW          205    .bss.gyro           inv_mpu.o
    0x20000d60        -       0x00000044   Zero   RW          318    .bss.hdma_i2c1_rx   i2c.o
    0x20000da4        -       0x00000044   Zero   RW          317    .bss.hdma_i2c1_tx   i2c.o
    0x20000de8        -       0x00000044   Zero   RW          353    .bss.hdma_usart1_rx  usart.o
    0x20000e2c        -       0x00000044   Zero   RW          354    .bss.hdma_usart1_tx  usart.o
    0x20000e70        -       0x00000054   Zero   RW          316    .bss.hi2c1          i2c.o
    0x20000ec4        -       0x00000048   Zero   RW          338    .bss.htim1          tim.o
    0x20000f0c        -       0x00000048   Zero   RW          339    .bss.htim2          tim.o
    0x20000f54        -       0x00000048   Zero   RW          340    .bss.htim3          tim.o
    0x20000f9c        -       0x00000048   Zero   RW          341    .bss.htim4          tim.o
    0x20000fe4        -       0x00000044   Zero   RW          351    .bss.huart1         usart.o
    0x20001028        -       0x00000044   Zero   RW          352    .bss.huart2         usart.o
    0x2000106c        -       0x00000002   Zero   RW         1413    .bss.moving         protool.o
    0x2000106e   0x0800ffd4   0x00000002   PAD
    0x20001070        -       0x00000004   Zero   RW           21    .bss.pitch          run_main.o
    0x20001074        -       0x0000007c   Zero   RW         1409    .bss.protool        protool.o
    0x200010f0        -       0x00000004   Zero   RW         1408    .bss.protool_length  protool.o
    0x200010f4        -       0x00000004   Zero   RW           23    .bss.roll           run_main.o
    0x200010f8        -       0x00000002   Zero   RW          207    .bss.sensors        inv_mpu.o
    0x200010fa   0x0800ffd4   0x00000006   PAD
    0x20001100        -       0x00000010   Zero   RW         1401    .bss.sp             speed.o
    0x20001110        -       0x00000020   Zero   RW         1411    .bss.target         protool.o
    0x20001130        -       0x00000008   Zero   RW           19    .bss.totDistance    run_main.o
    0x20001138        -       0x00000002   Zero   RW         1412    .bss.turnning       protool.o
    0x2000113a   0x0800ffd4   0x00000002   PAD
    0x2000113c        -       0x00000004   Zero   RW          629    .bss.uwTick         stm32f1xx_hal.o
    0x20001140        -       0x00000004   Zero   RW         1399    .bss.vl             speed.o
    0x20001144        -       0x00000004   Zero   RW         1400    .bss.vr             speed.o
    0x20001148        -       0x00000004   Zero   RW           22    .bss.yaw            run_main.o
    0x2000114c   0x0800ffd4   0x00000004   PAD
    0x20001150        -       0x00000400   Zero   RW            1    STACK               startup_stm32f103xb.o


==============================================================================

Image component sizes


      Code (inc. data)   RO Data    RW Data    ZI Data      Debug   Object Name

       390          0          0          0         76          0   angle.o
        76          0          0          0          0          0   dma.o
       284          0          0          0       1044          0   dma_printf.o
       476          0          0          0          0          0   dma_ring.o
        56          0          0          0       1036          0   dma_scanf.o
       360          0          0          0          0          0   gpio.o
       396          0          0          0        220          0   i2c.o
      9524         40        224         53         14          0   inv_mpu.o
      3878         16       3062          0         16          0   inv_mpu_dmp_motion_driver.o
       326          0          0          0          0          0   main.o
       860          0          0          0         28          0   motor.o
       926          0          0          0          0          0   mpu6050.o
       838          0          0          0          0          0   mpui2c.o
      2642          0       3212          0       1024          0   oled.o
      1144         10          5          0        164          0   protool.o
      1788          0         44          8         30          0   run_main.o
       314          0          0          0         80          0   speed.o
        36          8        236          0       1024          0   startup_stm32f103xb.o
       228          0          0          5          4          0   stm32f1xx_hal.o
       482          0          0          0          0          0   stm32f1xx_hal_cortex.o
      1524          0          0          0          0          0   stm32f1xx_hal_dma.o
       956          0          0          0          0          0   stm32f1xx_hal_gpio.o
      9650          0          0          0          0          0   stm32f1xx_hal_i2c.o
       100          0          0          0          0          0   stm32f1xx_hal_msp.o
      2622          0          0          0          0          0   stm32f1xx_hal_rcc.o
      4530         28          0          0          0          0   stm32f1xx_hal_tim.o
       414          0          0          0          0          0   stm32f1xx_hal_tim_ex.o
      2820          0          0          0          0          0   stm32f1xx_hal_uart.o
      1612          0          0          0         10          0   stm32f1xx_it.o
         2          0         24          4          0          0   system_stm32f1xx.o
      1134          0          0          0        288          0   tim.o
       586          0          0          0        272          0   usart.o

    ----------------------------------------------------------------------
     51244        102       6840         76       5372          0   Object Totals
         0          0         32          0          0          0   (incl. Generated)
       270          0          1          6         42          0   (incl. Padding)

    ----------------------------------------------------------------------

      Code (inc. data)   RO Data    RW Data    ZI Data      Debug   Library Member Name

       624         52         80          0          0          0   asin.o
       544         70        152          0          0          0   atan.o
       412         38          0          0          0          0   atan2.o
        38          6          0          0          0          0   dunder.o
        40          0          0          0          0          0   fpclassify.o
       170          0          0          0          0          0   poly.o
         0          0          8          0          0          0   qnan.o
        76          0          0          0          0          0   sqrt.o
         0          0          0          0          0          0   entry.o
         0          0          0          0          0          0   entry10a.o
         0          0          0          0          0          0   entry11a.o
         8          4          0          0          0          0   entry2.o
         4          0          0          0          0          0   entry5.o
         0          0          0          0          0          0   entry7b.o
         0          0          0          0          0          0   entry8b.o
         8          4          0          0          0          0   entry9a.o
        12          6          0          4          0          0   errno.o
        30          0          0          0          0          0   handlers.o
        36          8          0          0          0          0   init.o
         0          0          0          0          0          0   iusefp.o
        98          0          0          0          0          0   ldiv.o
        30          0          0          0          0          0   llshl.o
        36          0          0          0          0          0   llsshr.o
        32          0          0          0          0          0   llushr.o
        26          0          0          0          0          0   memcmp.o
        36          0          0          0          0          0   memseta.o
      2258         90          0          0          0          0   printfa.o
         8          0          0          0          0          0   slabs.o
         0          0          0          4          0          0   stdout.o
        44          0          0          0          0          0   uidiv.o
        98          0          0          0          0          0   uldiv.o
        48          0          0          0          0          0   cdcmple.o
        48          0          0          0          0          0   cdrcmple.o
        56          0          0          0          0          0   d2f.o
       334          0          0          0          0          0   dadd.o
        54          0          0          0          0          0   dcmpge.o
        54          0          0          0          0          0   dcmple.o
        54          0          0          0          0          0   dcmplt.o
       222          0          0          0          0          0   ddiv.o
       186          0          0          0          0          0   depilogue.o
        62          0          0          0          0          0   dfixi.o
        48          0          0          0          0          0   dfixul.o
        34          0          0          0          0          0   dflti.o
       228          0          0          0          0          0   dmul.o
        46          0          0          0          0          0   dscalb.o
       162          0          0          0          0          0   dsqrt.o
        38          0          0          0          0          0   f2d.o
       176          0          0          0          0          0   fadd.o
        28          0          0          0          0          0   fcmpeq.o
        28          0          0          0          0          0   fcmpge.o
        28          0          0          0          0          0   fcmpgt.o
        28          0          0          0          0          0   fcmple.o
        28          0          0          0          0          0   fcmplt.o
       124          0          0          0          0          0   fdiv.o
       110          0          0          0          0          0   fepilogue.o
        50          0          0          0          0          0   ffixi.o
        18          0          0          0          0          0   fflti.o
        10          0          0          0          0          0   ffltui.o
       100          0          0          0          0          0   fmul.o

    ----------------------------------------------------------------------
      7080        278        240          8          0          0   Library Totals
        10          0          0          0          0          0   (incl. Padding)

    ----------------------------------------------------------------------

      Code (inc. data)   RO Data    RW Data    ZI Data      Debug   Library Name

      1904        166        240          0          0          0   m_ws.l
      2764        112          0          8          0          0   mc_w.l
      2402          0          0          0          0          0   mf_w.l

    ----------------------------------------------------------------------
      7080        278        240          8          0          0   Library Totals

    ----------------------------------------------------------------------

==============================================================================


      Code (inc. data)   RO Data    RW Data    ZI Data      Debug   

     58324        380       7080         84       5372          0   Grand Totals
     58324        380       7080         84       5372          0   ELF Image Totals
     58324        380       7080         84          0          0   ROM Totals

==============================================================================

    Total RO  Size (Code + RO Data)                65404 (  63.87kB)
    Total RW  Size (RW Data + ZI Data)              5456 (   5.33kB)
    Total ROM Size (Code + RO Data + RW Data)      65488 (  63.95kB)

==============================================================================

